

================================================================
== Vitis HLS Report for 'fir'
================================================================
* Date:           Thu Jun  4 18:34:13 2026

* Version:        2025.2 (Build 6295257 on Nov 12 2025)
* Project:        10_total-unroll_clk-2.0_script
* Solution:       hls (Vivado IP Flow Target)
* Product family: zynq
* Target device:  xc7z020-clg484-3


================================================================
== Performance Estimates
================================================================
+ Timing: 
    * Summary: 
    +--------+---------+----------+------------+
    |  Clock |  Target | Estimated| Uncertainty|
    +--------+---------+----------+------------+
    |ap_clk  |  2.00 ns|  1.540 ns|     0.54 ns|
    +--------+---------+----------+------------+

+ Latency: 
    * Summary: 
    +---------+---------+-----------+-----------+-----+-----+---------+
    |  Latency (cycles) |   Latency (absolute)  |  Interval | Pipeline|
    |   min   |   max   |    min    |    max    | min | max |   Type  |
    +---------+---------+-----------+-----------+-----+-----+---------+
    |        9|        9|  18.000 ns|  18.000 ns|   10|   10|       no|
    +---------+---------+-----------+-----------+-----+-----+---------+

    + Detail: 
        * Instance: 
        N/A

        * Loop: 
        N/A



================================================================
== Utilization Estimates
================================================================
* Summary: 
+-----------------+---------+-----+--------+-------+-----+
|       Name      | BRAM_18K| DSP |   FF   |  LUT  | URAM|
+-----------------+---------+-----+--------+-------+-----+
|DSP              |        -|    4|       -|      -|    -|
|Expression       |        -|    -|       -|      -|    -|
|FIFO             |        -|    -|       -|      -|    -|
|Instance         |        -|    3|     369|     56|    -|
|Memory           |        -|    -|       -|      -|    -|
|Multiplexer      |        -|    -|       0|     45|    -|
|Register         |        -|    -|     323|      -|    -|
+-----------------+---------+-----+--------+-------+-----+
|Total            |        0|    7|     692|    101|    0|
+-----------------+---------+-----+--------+-------+-----+
|Available        |      280|  220|  106400|  53200|    0|
+-----------------+---------+-----+--------+-------+-----+
|Utilization (%)  |        0|    3|      ~0|     ~0|    0|
+-----------------+---------+-----+--------+-------+-----+

+ Detail: 
    * Instance: 
    +-------------------------+----------------------+---------+----+-----+----+-----+
    |         Instance        |        Module        | BRAM_18K| DSP|  FF | LUT| URAM|
    +-------------------------+----------------------+---------+----+-----+----+-----+
    |add_23ns_23ns_23_2_1_U4  |add_23ns_23ns_23_2_1  |        0|   0|  103|  26|    0|
    |add_24ns_24s_24_2_1_U5   |add_24ns_24s_24_2_1   |        0|   0|  107|  27|    0|
    |mul_12ns_10ns_21_4_1_U2  |mul_12ns_10ns_21_4_1  |        0|   1|   53|   1|    0|
    |mul_12ns_10ns_21_4_1_U3  |mul_12ns_10ns_21_4_1  |        0|   1|   53|   1|    0|
    |mul_12ns_8s_20_4_1_U1    |mul_12ns_8s_20_4_1    |        0|   1|   53|   1|    0|
    +-------------------------+----------------------+---------+----+-----+----+-----+
    |Total                    |                      |        0|   3|  369|  56|    0|
    +-------------------------+----------------------+---------+----+-----+----+-----+

    * DSP: 
    +------------------------------------+---------------------------------+--------------+
    |              Instance              |              Module             |  Expression  |
    +------------------------------------+---------------------------------+--------------+
    |mac_muladd_12ns_6ns_20s_20_4_1_U8   |mac_muladd_12ns_6ns_20s_20_4_1   |  i0 + i1 * i2|
    |mac_muladd_12ns_6ns_21s_21_4_1_U6   |mac_muladd_12ns_6ns_21s_21_4_1   |  i0 * i1 + i2|
    |mac_muladd_12ns_8s_20s_21_4_1_U9    |mac_muladd_12ns_8s_20s_21_4_1    |  i0 + i1 * i2|
    |mac_muladd_12ns_9ns_21ns_22_4_1_U7  |mac_muladd_12ns_9ns_21ns_22_4_1  |  i0 + i1 * i2|
    +------------------------------------+---------------------------------+--------------+

    * Memory: 
    N/A

    * FIFO: 
    N/A

    * Expression: 
    N/A

    * Multiplexer: 
    +-----------+----+-----------+-----+-----------+
    |    Name   | LUT| Input Size| Bits| Total Bits|
    +-----------+----+-----------+-----+-----------+
    |ap_NS_fsm  |  45|         11|    1|         11|
    +-----------+----+-----------+-----+-----------+
    |Total      |  45|         11|    1|         11|
    +-----------+----+-----------+-----+-----------+

    * Register: 
    +---------------------------------------------------+----+----+-----+-----------+
    |                        Name                       | FF | LUT| Bits| Const Bits|
    +---------------------------------------------------+----+----+-----+-----------+
    |add_ln27_1_reg_369                                 |  21|   0|   21|          0|
    |add_ln27_2_reg_344                                 |  21|   0|   21|          0|
    |add_ln27_3_reg_349                                 |  22|   0|   22|          0|
    |add_ln27_4_reg_374                                 |  23|   0|   23|          0|
    |add_ln27_reg_339                                   |  20|   0|   20|          0|
    |ap_CS_fsm                                          |  10|   0|   10|          0|
    |fir_ap_int_32_ap_uint_12_shift_reg                 |  12|   0|   12|          0|
    |fir_ap_int_32_ap_uint_12_shift_reg_1               |  12|   0|   12|          0|
    |fir_ap_int_32_ap_uint_12_shift_reg_2               |  12|   0|   12|          0|
    |fir_ap_int_32_ap_uint_12_shift_reg_3               |  12|   0|   12|          0|
    |fir_ap_int_32_ap_uint_12_shift_reg_3_load_reg_279  |  12|   0|   12|          0|
    |fir_ap_int_32_ap_uint_12_shift_reg_4               |  12|   0|   12|          0|
    |fir_ap_int_32_ap_uint_12_shift_reg_5               |  12|   0|   12|          0|
    |fir_ap_int_32_ap_uint_12_shift_reg_6               |  12|   0|   12|          0|
    |fir_ap_int_32_ap_uint_12_shift_reg_7               |  12|   0|   12|          0|
    |fir_ap_int_32_ap_uint_12_shift_reg_7_load_reg_273  |  12|   0|   12|          0|
    |fir_ap_int_32_ap_uint_12_shift_reg_8               |  12|   0|   12|          0|
    |fir_ap_int_32_ap_uint_12_shift_reg_9               |  12|   0|   12|          0|
    |mul_ln27_2_reg_319                                 |  21|   0|   21|          0|
    |mul_ln27_3_reg_324                                 |  21|   0|   21|          0|
    |mul_ln27_reg_314                                   |  20|   0|   20|          0|
    +---------------------------------------------------+----+----+-----+-----------+
    |Total                                              | 323|   0|  323|          0|
    +---------------------------------------------------+----+----+-----+-----------+



================================================================
== Interface
================================================================
* Summary: 
+----------+-----+-----+------------+--------------+--------------+
| RTL Ports| Dir | Bits|  Protocol  | Source Object|    C Type    |
+----------+-----+-----+------------+--------------+--------------+
|ap_clk    |   in|    1|  ap_ctrl_hs|           fir|  return value|
|ap_rst    |   in|    1|  ap_ctrl_hs|           fir|  return value|
|ap_start  |   in|    1|  ap_ctrl_hs|           fir|  return value|
|ap_done   |  out|    1|  ap_ctrl_hs|           fir|  return value|
|ap_idle   |  out|    1|  ap_ctrl_hs|           fir|  return value|
|ap_ready  |  out|    1|  ap_ctrl_hs|           fir|  return value|
|y         |  out|   32|      ap_vld|             y|       pointer|
|y_ap_vld  |  out|    1|      ap_vld|             y|       pointer|
|x         |   in|   12|     ap_none|             x|        scalar|
+----------+-----+-----+------------+--------------+--------------+

