

================================================================
== Synthesis Summary Report of 'fir'
================================================================
+ General Information: 
    * Date:           Thu Jun  4 17:02:57 2026
    * Version:        2025.2 (Build 6295257 on Nov 12 2025)
    * Project:        04_ap-shift-reg_script
    * Solution:       hls (Vivado IP Flow Target)
    * Product family: zynq
    * Target device:  xc7z020-clg484-3
    

* Performance & Resource Estimates: 
+-------------+------+---------------+----------+---------+------+----------+---------+---------+------+------+---------+-----------+-----------+-----+
|   Modules   | Issue|               | Iteration|         | Trip |          |      Latency      |      |      |         |           |           |     |
|   & Loops   | Type | Violation Type|  Latency | Interval| Count| Pipelined| (cycles)|   (ns)  | Slack| BRAM |   DSP   |     FF    |    LUT    | URAM|
+-------------+------+---------------+----------+---------+------+----------+---------+---------+------+------+---------+-----------+-----------+-----+
|+ fir        |     -|              -|         -|       57|     -|        no|       56|  560.000|  4.61|     -|  1 (~0%)|  114 (~0%)|  107 (~0%)|    -|
| o mac_loop  |     -|              -|         5|        -|    11|        no|       55|  550.000|  7.30|     -|        -|          -|          -|    -|
+-------------+------+---------------+----------+---------+------+----------+---------+---------+------+------+---------+-----------+-----------+-----+
    Name Prefix: '+' for module, 'o' for loop, '*' for dataflow


================================================================
== HW Interfaces
================================================================
* Other Ports
+------+---------+-----------+----------+
| Port | Mode    | Direction | Bitwidth |
+------+---------+-----------+----------+
| x    | ap_none | in        | 12       |
| y    | ap_vld  | out       | 32       |
+------+---------+-----------+----------+

* TOP LEVEL CONTROL
+-----------+------------+-----------------------------------+
| Interface | Type       | Ports                             |
+-----------+------------+-----------------------------------+
| ap_clk    | clock      | ap_clk                            |
| ap_rst    | reset      | ap_rst                            |
| ap_ctrl   | ap_ctrl_hs | ap_done ap_idle ap_ready ap_start |
+-----------+------------+-----------------------------------+


================================================================
== SW I/O Information
================================================================
* Top Function Arguments
+----------+-----------+-------------+
| Argument | Direction | Datatype    |
+----------+-----------+-------------+
| y        | out       | ap_int<32>* |
| x        | in        | ap_uint<12> |
+----------+-----------+-------------+

* SW-to-HW Mapping
+----------+--------------+---------+
| Argument | HW Interface | HW Type |
+----------+--------------+---------+
| y        | y            | port    |
| y        | y_ap_vld     | port    |
| x        | x            | port    |
+----------+--------------+---------+


================================================================
== Bind Op Report
================================================================
+-------------------------------------+-----+--------+-------------+-------+-----------+---------+
| Name                                | DSP | Pragma | Variable    | Op    | Impl      | Latency |
+-------------------------------------+-----+--------+-------------+-------+-----------+---------+
| + fir                               | 1   |        |             |       |           |         |
|   icmp_ln18_fu_125_p2               |     |        | icmp_ln18   | seteq | auto      | 0       |
|   add_ln18_fu_131_p2                |     |        | add_ln18    | add   | fabric    | 0       |
|   mac_muladd_12ns_10s_26s_26_4_1_U1 | 1   |        | mul_ln20    | mul   | dsp_slice | 3       |
|   mac_muladd_12ns_10s_26s_26_4_1_U1 | 1   |        | sext_ln20_1 | sext  | dsp_slice | 3       |
|   mac_muladd_12ns_10s_26s_26_4_1_U1 | 1   |        | acc_1       | add   | dsp_slice | 3       |
+-------------------------------------+-----+--------+-------------+-------+-----------+---------+


================================================================
== Storage Report
================================================================
+---------------+--------+------+------+------+--------+-----------+------+---------+------------------+
| Name          | Usage  | Type | BRAM | URAM | Pragma | Variable  | Impl | Latency | Bitwidth, Depth, |
|               |        |      |      |      |        |           |      |         | Banks            |
+---------------+--------+------+------+------+--------+-----------+------+---------+------------------+
| + fir         |        |      | 0    | 0    |        |           |      |         |                  |
|   c_U         | rom_1p |      |      |      |        | c         | auto | 1       | 10, 11, 1        |
|   shift_reg_U | ram_1p |      |      |      |        | shift_reg | auto | 0       | 12, 11, 1        |
+---------------+--------+------+------+------+--------+-----------+------+---------+------------------+


================================================================
== Pragma Report
================================================================
  No pragmas found

