

================================================================
== Synthesis Summary Report of 'fir'
================================================================
+ General Information: 
    * Date:           Thu Jun  4 17:16:26 2026
    * Version:        2025.2 (Build 6295257 on Nov 12 2025)
    * Project:        13_pipeline_script
    * Solution:       hls (Vivado IP Flow Target)
    * Product family: zynq
    * Target device:  xc7z020-clg484-3
    

* Performance & Resource Estimates: 
+--------+------+-------------------+----------+---------+------+----------+---------+---------+------+------+--------+-----------+-----------+-----+
| Modules| Issue|                   | Iteration|         | Trip |          |      Latency      |      |      |        |           |           |     |
| & Loops| Type |   Violation Type  |  Latency | Interval| Count| Pipelined| (cycles)|   (ns)  | Slack| BRAM |   DSP  |     FF    |    LUT    | URAM|
+--------+------+-------------------+----------+---------+------+----------+---------+---------+------+------+--------+-----------+-----------+-----+
|+ fir   |    II|  Memory Dependency|         -|        8|     -|       yes|       10|  100.000|  0.81|     -|  7 (3%)|  215 (~0%)|  312 (~0%)|    -|
+--------+------+-------------------+----------+---------+------+----------+---------+---------+------+------+--------+-----------+-----------+-----+
    II Violation Information: docs.amd.com/access/sources/dita/topic?Doc_Version=2025.2%20English&url=ug1448-hls-guidance&resourceid=200-880.html
    Name Prefix: '+' for module, 'o' for loop, '*' for dataflow


================================================================
== HW Interfaces
================================================================
* Other Ports
+------+---------+-----------+----------+
| Port | Mode    | Direction | Bitwidth |
+------+---------+-----------+----------+
| x    | ap_none | in        | 12       |
| y    | ap_vld  | out       | 32       |
+------+---------+-----------+----------+

* TOP LEVEL CONTROL
+-----------+------------+-----------------------------------+
| Interface | Type       | Ports                             |
+-----------+------------+-----------------------------------+
| ap_clk    | clock      | ap_clk                            |
| ap_rst    | reset      | ap_rst                            |
| ap_ctrl   | ap_ctrl_hs | ap_done ap_idle ap_ready ap_start |
+-----------+------------+-----------------------------------+


================================================================
== SW I/O Information
================================================================
* Top Function Arguments
+----------+-----------+-------------+
| Argument | Direction | Datatype    |
+----------+-----------+-------------+
| y        | out       | ap_int<32>* |
| x        | in        | ap_uint<12> |
+----------+-----------+-------------+

* SW-to-HW Mapping
+----------+--------------+---------+
| Argument | HW Interface | HW Type |
+----------+--------------+---------+
| y        | y            | port    |
| y        | y_ap_vld     | port    |
| x        | x            | port    |
+----------+--------------+---------+


================================================================
== Bind Op Report
================================================================
+--------------------------------------+-----+--------+-------------+------+-----------+---------+
| Name                                 | DSP | Pragma | Variable    | Op   | Impl      | Latency |
+--------------------------------------+-----+--------+-------------+------+-----------+---------+
| + fir                                | 7   |        |             |      |           |         |
|   mac_muladd_12ns_6ns_20s_20_4_1_U4  | 1   |        | acc         | mul  | dsp_slice | 3       |
|   mac_muladd_12ns_6ns_20s_20_4_1_U4  | 1   |        | zext_ln14   | zext | dsp_slice | 3       |
|   mac_muladd_12ns_8s_20s_21_4_1_U6   | 1   |        | mul_ln22    | mul  | dsp_slice | 3       |
|   mac_muladd_12ns_8s_20s_21_4_1_U6   | 1   |        | sext_ln22   | sext | dsp_slice | 3       |
|   mul_12ns_10ns_21_1_1_U1            | 1   |        | mul_ln22_1  | mul  | auto      | 0       |
|   mac_muladd_12ns_9ns_21ns_22_4_1_U5 | 1   |        | mul_ln22_2  | mul  | dsp_slice | 3       |
|   mac_muladd_12ns_9ns_21ns_22_4_1_U5 | 1   |        | zext_ln22_5 | zext | dsp_slice | 3       |
|   mul_12ns_10ns_21_1_1_U2            | 1   |        | mul_ln22_3  | mul  | auto      | 0       |
|   mul_12ns_8s_20_1_1_U3              | 1   |        | mul_ln22_4  | mul  | auto      | 0       |
|   mac_muladd_12ns_6ns_21s_21_4_1_U7  | 1   |        | mul_ln22_5  | mul  | dsp_slice | 3       |
|   mac_muladd_12ns_6ns_21s_21_4_1_U7  | 1   |        | zext_ln22_9 | zext | dsp_slice | 3       |
|   mac_muladd_12ns_6ns_20s_20_4_1_U4  | 1   |        | add_ln22    | add  | dsp_slice | 3       |
|   mac_muladd_12ns_8s_20s_21_4_1_U6   | 1   |        | add_ln22_1  | add  | dsp_slice | 3       |
|   mac_muladd_12ns_9ns_21ns_22_4_1_U5 | 1   |        | add_ln22_2  | add  | dsp_slice | 3       |
|   mac_muladd_12ns_6ns_21s_21_4_1_U7  | 1   |        | add_ln22_3  | add  | dsp_slice | 3       |
|   add_ln22_4_fu_211_p2               |     |        | add_ln22_4  | add  | fabric    | 0       |
|   acc_1_fu_221_p2                    |     |        | acc_1       | add  | fabric    | 0       |
+--------------------------------------+-----+--------+-------------+------+-----------+---------+


================================================================
== Storage Report
================================================================
+---------------+--------+------+------+------+--------+-----------+------+---------+------------------+
| Name          | Usage  | Type | BRAM | URAM | Pragma | Variable  | Impl | Latency | Bitwidth, Depth, |
|               |        |      |      |      |        |           |      |         | Banks            |
+---------------+--------+------+------+------+--------+-----------+------+---------+------------------+
| + fir         |        |      | 0    | 0    |        |           |      |         |                  |
|   shift_reg_U | ram_1p |      |      |      |        | shift_reg | auto | 0       | 12, 11, 1        |
+---------------+--------+------+------+------+--------+-----------+------+---------+------------------+


================================================================
== Pragma Report
================================================================
* Valid Pragma Syntax
+----------+---------+--------------------+
| Type     | Options | Location           |
+----------+---------+--------------------+
| PIPELINE | ii=1    | in fir (fir.cpp:6) |
+----------+---------+--------------------+


