

================================================================
== Vitis HLS Report for 'fir'
================================================================
* Date:           Sat May 30 17:42:19 2026

* Version:        2025.2 (Build 6295257 on Nov 12 2025)
* Project:        fir_loop-fission_script
* Solution:       hls (Vivado IP Flow Target)
* Product family: zynq
* Target device:  xc7z020-clg484-3


================================================================
== Performance Estimates
================================================================
+ Timing: 
    * Summary: 
    +--------+----------+----------+------------+
    |  Clock |  Target  | Estimated| Uncertainty|
    +--------+----------+----------+------------+
    |ap_clk  |  10.00 ns|  6.210 ns|     2.70 ns|
    +--------+----------+----------+------------+

+ Latency: 
    * Summary: 
    +---------+---------+----------+----------+-----+-----+---------+
    |  Latency (cycles) |  Latency (absolute) |  Interval | Pipeline|
    |   min   |   max   |    min   |    max   | min | max |   Type  |
    +---------+---------+----------+----------+-----+-----+---------+
    |       66|       66|  0.660 us|  0.660 us|   67|   67|       no|
    +---------+---------+----------+----------+-----+-----+---------+

    + Detail: 
        * Instance: 
        N/A

        * Loop: 
        +--------------+---------+---------+----------+-----------+-----------+------+----------+
        |              |  Latency (cycles) | Iteration|  Initiation Interval  | Trip |          |
        |   Loop Name  |   min   |   max   |  Latency |  achieved |   target  | Count| Pipelined|
        +--------------+---------+---------+----------+-----------+-----------+------+----------+
        |- shift_loop  |       20|       20|         2|          -|          -|    10|        no|
        |- mac_loop    |       44|       44|         4|          -|          -|    11|        no|
        +--------------+---------+---------+----------+-----------+-----------+------+----------+



================================================================
== Utilization Estimates
================================================================
* Summary: 
+-----------------+---------+-----+--------+-------+-----+
|       Name      | BRAM_18K| DSP |   FF   |  LUT  | URAM|
+-----------------+---------+-----+--------+-------+-----+
|DSP              |        -|    -|       -|      -|    -|
|Expression       |        -|    -|       0|     91|    -|
|FIFO             |        -|    -|       -|      -|    -|
|Instance         |        -|    2|       0|     21|    -|
|Memory           |        0|    -|      42|      8|    0|
|Multiplexer      |        -|    -|       0|     94|    -|
|Register         |        -|    -|     157|      -|    -|
+-----------------+---------+-----+--------+-------+-----+
|Total            |        0|    2|     199|    214|    0|
+-----------------+---------+-----+--------+-------+-----+
|Available        |      280|  220|  106400|  53200|    0|
+-----------------+---------+-----+--------+-------+-----+
|Utilization (%)  |        0|   ~0|      ~0|     ~0|    0|
+-----------------+---------+-----+--------+-------+-----+

+ Detail: 
    * Instance: 
    +-----------------------+--------------------+---------+----+---+----+-----+
    |        Instance       |       Module       | BRAM_18K| DSP| FF| LUT| URAM|
    +-----------------------+--------------------+---------+----+---+----+-----+
    |mul_10s_32s_32_1_1_U1  |mul_10s_32s_32_1_1  |        0|   2|  0|  21|    0|
    +-----------------------+--------------------+---------+----+---+----+-----+
    |Total                  |                    |        0|   2|  0|  21|    0|
    +-----------------------+--------------------+---------+----+---+----+-----+

    * DSP: 
    N/A

    * Memory: 
    +-------------+-------------------------+---------+----+----+-----+------+-----+------+-------------+
    |    Memory   |          Module         | BRAM_18K| FF | LUT| URAM| Words| Bits| Banks| W*Bits*Banks|
    +-------------+-------------------------+---------+----+----+-----+------+-----+------+-------------+
    |c_U          |c_ROM_AUTO_1R            |        0|  10|   2|    0|    11|   10|     1|          110|
    |shift_reg_U  |shift_reg_RAM_AUTO_1R1W  |        0|  32|   6|    0|    11|   32|     1|          352|
    +-------------+-------------------------+---------+----+----+-----+------+-----+------+-------------+
    |Total        |                         |        0|  42|   8|    0|    22|   42|     2|          462|
    +-------------+-------------------------+---------+----+----+-----+------+-----+------+-------------+

    * FIFO: 
    N/A

    * Expression: 
    +---------------------+----------+----+---+----+------------+------------+
    |    Variable Name    | Operation| DSP| FF| LUT| Bitwidth P0| Bitwidth P1|
    +---------------------+----------+----+---+----+------------+------------+
    |acc_1_fu_207_p2      |         +|   0|  0|  39|          32|          32|
    |add_ln15_fu_147_p2   |         +|   0|  0|  13|           4|           2|
    |add_ln21_fu_186_p2   |         +|   0|  0|  13|           4|           1|
    |icmp_ln14_fu_141_p2  |      icmp|   0|  0|  13|           4|           1|
    |icmp_ln21_fu_180_p2  |      icmp|   0|  0|  13|           4|           4|
    +---------------------+----------+----+---+----+------------+------------+
    |Total                |          |   0|  0|  91|          48|          40|
    +---------------------+----------+----+---+----+------------+------------+

    * Multiplexer: 
    +--------------------------+----+-----------+-----+-----------+
    |           Name           | LUT| Input Size| Bits| Total Bits|
    +--------------------------+----+-----------+-----+-----------+
    |acc_fu_60                 |   9|          2|   32|         64|
    |ap_NS_fsm                 |  33|          8|    1|          8|
    |i_1_fu_64                 |   9|          2|    4|          8|
    |i_fu_56                   |   9|          2|    4|          8|
    |shift_reg_address0_local  |  21|          5|    4|         20|
    |shift_reg_d0_local        |  13|          3|   32|         96|
    +--------------------------+----+-----------+-----+-----------+
    |Total                     |  94|         22|   77|        204|
    +--------------------------+----+-----------+-----+-----------+

    * Register: 
    +--------------------------+----+----+-----+-----------+
    |           Name           | FF | LUT| Bits| Const Bits|
    +--------------------------+----+----+-----+-----------+
    |acc_fu_60                 |  32|   0|   32|          0|
    |ap_CS_fsm                 |   7|   0|    7|          0|
    |c_load_reg_274            |  10|   0|   10|          0|
    |i_1_fu_64                 |   4|   0|    4|          0|
    |i_2_reg_229               |   4|   0|    4|          0|
    |i_fu_56                   |   4|   0|    4|          0|
    |mul_ln22_reg_279          |  32|   0|   32|          0|
    |shift_reg_load_1_reg_269  |  32|   0|   32|          0|
    |x_read_reg_224            |  32|   0|   32|          0|
    +--------------------------+----+----+-----+-----------+
    |Total                     | 157|   0|  157|          0|
    +--------------------------+----+----+-----+-----------+



================================================================
== Interface
================================================================
* Summary: 
+----------+-----+-----+------------+--------------+--------------+
| RTL Ports| Dir | Bits|  Protocol  | Source Object|    C Type    |
+----------+-----+-----+------------+--------------+--------------+
|ap_clk    |   in|    1|  ap_ctrl_hs|           fir|  return value|
|ap_rst    |   in|    1|  ap_ctrl_hs|           fir|  return value|
|ap_start  |   in|    1|  ap_ctrl_hs|           fir|  return value|
|ap_done   |  out|    1|  ap_ctrl_hs|           fir|  return value|
|ap_idle   |  out|    1|  ap_ctrl_hs|           fir|  return value|
|ap_ready  |  out|    1|  ap_ctrl_hs|           fir|  return value|
|y         |  out|   32|      ap_vld|             y|       pointer|
|y_ap_vld  |  out|    1|      ap_vld|             y|       pointer|
|x         |   in|   32|     ap_none|             x|        scalar|
+----------+-----+-----+------------+--------------+--------------+

