

================================================================
== Synthesis Summary Report of 'spmv'
================================================================
+ General Information: 
    * Date:           Mon Jun 15 20:23:55 2026
    * Version:        2025.2 (Build 6295257 on Nov 12 2025)
    * Project:        09_partial-sums-no_partitioning_script
    * Solution:       hls (Vivado IP Flow Target)
    * Product family: zynq
    * Target device:  xc7z020-clg484-3
    

* Performance & Resource Estimates: 
+------------------------+------+---------------------+----------+---------+------+----------+---------+-----------+------+------+--------+-----------+----------+-----+
|         Modules        | Issue|                     | Iteration|         | Trip |          |       Latency       |      |      |        |           |          |     |
|         & Loops        | Type |    Violation Type   |  Latency | Interval| Count| Pipelined| (cycles)|    (ns)   | Slack| BRAM |   DSP  |     FF    |    LUT   | URAM|
+------------------------+------+---------------------+----------+---------+------+----------+---------+-----------+------+------+--------+-----------+----------+-----+
|+ spmv                  |     -|                    -|         -|     9474|     -|        no|     9473|  9.473e+04|  2.17|     -|  4 (1%)|  631 (~0%)|  843 (1%)|    -|
| o L1                   |     -|                    -|        74|        -|   128|        no|     9472|  9.472e+04|  7.30|     -|       -|          -|         -|    -|
|  + spmv_Pipeline_L2_1  |     -|                    -|         -|        -|     -|       yes|       70|    700.000|  3.40|     -|  4 (1%)|  545 (~0%)|  675 (1%)|    -|
|   o L2_1               |    II|  Resource Limitation|         7|        2|    32|       yes|       68|    680.000|  7.30|     -|       -|          -|         -|    -|
+------------------------+------+---------------------+----------+---------+------+----------+---------+-----------+------+------+--------+-----------+----------+-----+
    II Violation Information: docs.amd.com/access/sources/dita/topic?Doc_Version=2025.2%20English&url=ug1448-hls-guidance&resourceid=200-880.html
    Name Prefix: '+' for module, 'o' for loop, '*' for dataflow


================================================================
== HW Interfaces
================================================================
* AP_MEMORY
+------------------+-----------+----------+
| Port             | Direction | Bitwidth |
+------------------+-----------+----------+
| col_idx_address0 | out       | 9        |
| col_idx_address1 | out       | 9        |
| col_idx_q0       | in        | 32       |
| col_idx_q1       | in        | 32       |
| row_ptr_address0 | out       | 8        |
| row_ptr_address1 | out       | 8        |
| row_ptr_q0       | in        | 32       |
| row_ptr_q1       | in        | 32       |
| values_address0  | out       | 9        |
| values_address1  | out       | 9        |
| values_q0        | in        | 8        |
| values_q1        | in        | 8        |
| x_address0       | out       | 7        |
| x_address1       | out       | 7        |
| x_q0             | in        | 10       |
| x_q1             | in        | 10       |
| y_address0       | out       | 7        |
| y_d0             | out       | 32       |
+------------------+-----------+----------+

* TOP LEVEL CONTROL
+-----------+------------+-----------------------------------+
| Interface | Type       | Ports                             |
+-----------+------------+-----------------------------------+
| ap_clk    | clock      | ap_clk                            |
| ap_rst    | reset      | ap_rst                            |
| ap_ctrl   | ap_ctrl_hs | ap_done ap_idle ap_ready ap_start |
+-----------+------------+-----------------------------------+


================================================================
== SW I/O Information
================================================================
* Top Function Arguments
+----------+-----------+--------------------+
| Argument | Direction | Datatype           |
+----------+-----------+--------------------+
| values   | in        | ap_int<8> const *  |
| x        | in        | ap_int<10> const * |
| col_idx  | in        | int const *        |
| row_ptr  | in        | int const *        |
| y        | out       | ap_int<32>*        |
+----------+-----------+--------------------+

* SW-to-HW Mapping
+----------+------------------+---------+----------+
| Argument | HW Interface     | HW Type | HW Usage |
+----------+------------------+---------+----------+
| values   | values_address0  | port    | offset   |
| values   | values_ce0       | port    |          |
| values   | values_q0        | port    |          |
| values   | values_address1  | port    | offset   |
| values   | values_ce1       | port    |          |
| values   | values_q1        | port    |          |
| x        | x_address0       | port    | offset   |
| x        | x_ce0            | port    |          |
| x        | x_q0             | port    |          |
| x        | x_address1       | port    | offset   |
| x        | x_ce1            | port    |          |
| x        | x_q1             | port    |          |
| col_idx  | col_idx_address0 | port    | offset   |
| col_idx  | col_idx_ce0      | port    |          |
| col_idx  | col_idx_q0       | port    |          |
| col_idx  | col_idx_address1 | port    | offset   |
| col_idx  | col_idx_ce1      | port    |          |
| col_idx  | col_idx_q1       | port    |          |
| row_ptr  | row_ptr_address0 | port    | offset   |
| row_ptr  | row_ptr_ce0      | port    |          |
| row_ptr  | row_ptr_q0       | port    |          |
| row_ptr  | row_ptr_address1 | port    | offset   |
| row_ptr  | row_ptr_ce1      | port    |          |
| row_ptr  | row_ptr_q1       | port    |          |
| y        | y_address0       | port    | offset   |
| y        | y_ce0            | port    |          |
| y        | y_we0            | port    |          |
| y        | y_d0             | port    |          |
+----------+------------------+---------+----------+


================================================================
== M_AXI Burst Information
================================================================
 Note: All burst requests might be further partitioned into multiple requests during RTL generation based on max_read_burst_length or max_write_burst_length settings.


================================================================
== Bind Op Report
================================================================
+------------------------------------+-----+--------+--------------+--------+-----------+---------+
| Name                               | DSP | Pragma | Variable     | Op     | Impl      | Latency |
+------------------------------------+-----+--------+--------------+--------+-----------+---------+
| + spmv                             | 4   |        |              |        |           |         |
|   icmp_ln16_fu_132_p2              |     |        | icmp_ln16    | seteq  | auto      | 0       |
|   add_ln22_fu_138_p2               |     |        | add_ln22     | add    | fabric    | 0       |
|   add_ln50_1_fu_177_p2             |     |        | add_ln50_1   | add    | fabric    | 0       |
|  + spmv_Pipeline_L2_1              | 4   |        |              |        |           |         |
|    icmp_ln25_fu_281_p2             |     |        | icmp_ln25    | setlt  | auto      | 0       |
|    mac_muladd_10s_8s_32s_32_4_1_U1 | 1   |        | mul_ln42     | mul    | dsp_slice | 3       |
|    mac_muladd_10s_8s_32s_32_4_1_U1 | 1   |        | sext_ln42_2  | sext   | dsp_slice | 3       |
|    mac_muladd_10s_8s_32s_32_4_1_U1 | 1   |        | add_ln42     | add    | dsp_slice | 3       |
|    add_ln41_fu_296_p2              |     |        | add_ln41     | add    | fabric    | 0       |
|    icmp_ln41_fu_308_p2             |     |        | icmp_ln41    | setlt  | auto      | 0       |
|    mac_muladd_10s_8s_32s_32_4_1_U2 | 1   |        | mul_ln42_1   | mul    | dsp_slice | 3       |
|    mac_muladd_10s_8s_32s_32_4_1_U2 | 1   |        | sext_ln42_5  | sext   | dsp_slice | 3       |
|    mac_muladd_10s_8s_32s_32_4_1_U2 | 1   |        | add_ln42_1   | add    | dsp_slice | 3       |
|    add_i3_17_fu_420_p3             |     |        | add_i3_17    | select | auto_sel  | 0       |
|    add_ln37_fu_334_p2              |     |        | add_ln37     | add    | fabric    | 0       |
|    icmp_ln41_1_fu_345_p2           |     |        | icmp_ln41_1  | setlt  | auto      | 0       |
|    mac_muladd_10s_8s_32s_32_4_1_U3 | 1   |        | mul_ln42_2   | mul    | dsp_slice | 3       |
|    mac_muladd_10s_8s_32s_32_4_1_U3 | 1   |        | sext_ln42_8  | sext   | dsp_slice | 3       |
|    mac_muladd_10s_8s_32s_32_4_1_U3 | 1   |        | add_ln42_2   | add    | dsp_slice | 3       |
|    add_i3_29_fu_434_p3             |     |        | add_i3_29    | select | auto_sel  | 0       |
|    add_ln37_1_fu_350_p2            |     |        | add_ln37_1   | add    | fabric    | 0       |
|    icmp_ln41_2_fu_361_p2           |     |        | icmp_ln41_2  | setlt  | auto      | 0       |
|    mac_muladd_10s_8s_32s_32_4_1_U4 | 1   |        | mul_ln42_3   | mul    | dsp_slice | 3       |
|    mac_muladd_10s_8s_32s_32_4_1_U4 | 1   |        | sext_ln42_11 | sext   | dsp_slice | 3       |
|    mac_muladd_10s_8s_32s_32_4_1_U4 | 1   |        | add_ln42_3   | add    | dsp_slice | 3       |
|    add_i3_311_fu_439_p3            |     |        | add_i3_311   | select | auto_sel  | 0       |
|    add_ln25_fu_313_p2              |     |        | add_ln25     | add    | fabric    | 0       |
+------------------------------------+-----+--------+--------------+--------+-----------+---------+


================================================================
== Storage Report
================================================================
  No bind storage info in design

================================================================
== Pragma Report
================================================================
* Valid Pragma Syntax
+-----------------+-------------------------------------+-----------------------+
| Type            | Options                             | Location              |
+-----------------+-------------------------------------+-----------------------+
| ARRAY_PARTITION | variable=partial_sums type=complete | in spmv (spmv.cpp:19) |
| LOOP_TRIPCOUNT  | min=1 max=128/(2*2) avg=4/(2*2)     | in spmv (spmv.cpp:29) |
| PIPELINE        | ii=1                                | in spmv (spmv.cpp:31) |
| UNROLL          |                                     | in spmv (spmv.cpp:35) |
| UNROLL          |                                     | in spmv (spmv.cpp:49) |
+-----------------+-------------------------------------+-----------------------+


