

================================================================
== Vitis HLS Report for 'fir'
================================================================
* Date:           Thu Jun  4 16:58:09 2026

* Version:        2025.2 (Build 6295257 on Nov 12 2025)
* Project:        01_code-hoisting_script
* Solution:       hls (Vivado IP Flow Target)
* Product family: zynq
* Target device:  xc7z020-clg484-3


================================================================
== Performance Estimates
================================================================
+ Timing: 
    * Summary: 
    +--------+----------+----------+------------+
    |  Clock |  Target  | Estimated| Uncertainty|
    +--------+----------+----------+------------+
    |ap_clk  |  10.00 ns|  6.424 ns|     2.70 ns|
    +--------+----------+----------+------------+

+ Latency: 
    * Summary: 
    +---------+---------+----------+----------+-----+-----+---------+
    |  Latency (cycles) |  Latency (absolute) |  Interval | Pipeline|
    |   min   |   max   |    min   |    max   | min | max |   Type  |
    +---------+---------+----------+----------+-----+-----+---------+
    |       41|       41|  0.410 us|  0.410 us|   42|   42|       no|
    +---------+---------+----------+----------+-----+-----+---------+

    + Detail: 
        * Instance: 
        N/A

        * Loop: 
        +------------+---------+---------+----------+-----------+-----------+------+----------+
        |            |  Latency (cycles) | Iteration|  Initiation Interval  | Trip |          |
        |  Loop Name |   min   |   max   |  Latency |  achieved |   target  | Count| Pipelined|
        +------------+---------+---------+----------+-----------+-----------+------+----------+
        |- fir_loop  |       40|       40|         4|          -|          -|    10|        no|
        +------------+---------+---------+----------+-----------+-----------+------+----------+



================================================================
== Utilization Estimates
================================================================
* Summary: 
+-----------------+---------+-----+--------+-------+-----+
|       Name      | BRAM_18K| DSP |   FF   |  LUT  | URAM|
+-----------------+---------+-----+--------+-------+-----+
|DSP              |        -|    -|       -|      -|    -|
|Expression       |        -|    -|       0|    193|    -|
|FIFO             |        -|    -|       -|      -|    -|
|Instance         |        -|    2|       0|     21|    -|
|Memory           |        0|    -|      42|      8|    0|
|Multiplexer      |        -|    -|       0|     73|    -|
|Register         |        -|    -|     151|      -|    -|
+-----------------+---------+-----+--------+-------+-----+
|Total            |        0|    2|     193|    295|    0|
+-----------------+---------+-----+--------+-------+-----+
|Available        |      280|  220|  106400|  53200|    0|
+-----------------+---------+-----+--------+-------+-----+
|Utilization (%)  |        0|   ~0|      ~0|     ~0|    0|
+-----------------+---------+-----+--------+-------+-----+

+ Detail: 
    * Instance: 
    +-----------------------+--------------------+---------+----+---+----+-----+
    |        Instance       |       Module       | BRAM_18K| DSP| FF| LUT| URAM|
    +-----------------------+--------------------+---------+----+---+----+-----+
    |mul_10s_32s_32_1_1_U1  |mul_10s_32s_32_1_1  |        0|   2|  0|  21|    0|
    +-----------------------+--------------------+---------+----+---+----+-----+
    |Total                  |                    |        0|   2|  0|  21|    0|
    +-----------------------+--------------------+---------+----+---+----+-----+

    * DSP: 
    N/A

    * Memory: 
    +-------------+-------------------------+---------+----+----+-----+------+-----+------+-------------+
    |    Memory   |          Module         | BRAM_18K| FF | LUT| URAM| Words| Bits| Banks| W*Bits*Banks|
    +-------------+-------------------------+---------+----+----+-----+------+-----+------+-------------+
    |c_U          |c_ROM_AUTO_1R            |        0|  10|   2|    0|    11|   10|     1|          110|
    |shift_reg_U  |shift_reg_RAM_AUTO_1R1W  |        0|  32|   6|    0|    11|   32|     1|          352|
    +-------------+-------------------------+---------+----+----+-----+------+-----+------+-------------+
    |Total        |                         |        0|  42|   8|    0|    22|   42|     2|          462|
    +-------------+-------------------------+---------+----+----+-----+------+-----+------+-------------+

    * FIFO: 
    N/A

    * Expression: 
    +----------------------+----------+----+---+----+------------+------------+
    |     Variable Name    | Operation| DSP| FF| LUT| Bitwidth P0| Bitwidth P1|
    +----------------------+----------+----+---+----+------------+------------+
    |acc_2_fu_201_p2       |         +|   0|  0|  39|          32|          32|
    |add_ln15_fu_142_p2    |         +|   0|  0|  13|           4|           2|
    |add_ln26_1_fu_185_p2  |         +|   0|  0|  32|          32|          32|
    |add_ln26_fu_179_p2    |         +|   0|  0|  32|          32|          32|
    |y                     |         +|   0|  0|  32|          32|          32|
    |sub_ln26_fu_168_p2    |         -|   0|  0|  32|          32|          32|
    |icmp_ln13_fu_131_p2   |      icmp|   0|  0|  13|           4|           1|
    +----------------------+----------+----+---+----+------------+------------+
    |Total                 |          |   0|  0| 193|         168|         163|
    +----------------------+----------+----+---+----+------------+------------+

    * Multiplexer: 
    +--------------------------+----+-----------+-----+-----------+
    |           Name           | LUT| Input Size| Bits| Total Bits|
    +--------------------------+----+-----------+-----+-----------+
    |acc_fu_54                 |   9|          2|   32|         64|
    |ap_NS_fsm                 |  25|          6|    1|          6|
    |i_fu_58                   |   9|          2|    4|          8|
    |shift_reg_address0_local  |  17|          4|    4|         16|
    |shift_reg_d0_local        |  13|          3|   32|         96|
    +--------------------------+----+-----------+-----+-----------+
    |Total                     |  73|         17|   73|        190|
    +--------------------------+----+-----------+-----+-----------+

    * Register: 
    +------------------------+----+----+-----+-----------+
    |          Name          | FF | LUT| Bits| Const Bits|
    +------------------------+----+----+-----+-----------+
    |acc_fu_54               |  32|   0|   32|          0|
    |ap_CS_fsm               |   5|   0|    5|          0|
    |c_load_reg_257          |  10|   0|   10|          0|
    |i_fu_58                 |   4|   0|    4|          0|
    |mul_ln18_reg_262        |  32|   0|   32|          0|
    |shift_reg_load_reg_252  |  32|   0|   32|          0|
    |x_read_reg_225          |  32|   0|   32|          0|
    |zext_ln13_reg_237       |   4|   0|   64|         60|
    +------------------------+----+----+-----+-----------+
    |Total                   | 151|   0|  211|         60|
    +------------------------+----+----+-----+-----------+



================================================================
== Interface
================================================================
* Summary: 
+----------+-----+-----+------------+--------------+--------------+
| RTL Ports| Dir | Bits|  Protocol  | Source Object|    C Type    |
+----------+-----+-----+------------+--------------+--------------+
|ap_clk    |   in|    1|  ap_ctrl_hs|           fir|  return value|
|ap_rst    |   in|    1|  ap_ctrl_hs|           fir|  return value|
|ap_start  |   in|    1|  ap_ctrl_hs|           fir|  return value|
|ap_done   |  out|    1|  ap_ctrl_hs|           fir|  return value|
|ap_idle   |  out|    1|  ap_ctrl_hs|           fir|  return value|
|ap_ready  |  out|    1|  ap_ctrl_hs|           fir|  return value|
|y         |  out|   32|      ap_vld|             y|       pointer|
|y_ap_vld  |  out|    1|      ap_vld|             y|       pointer|
|x         |   in|   32|     ap_none|             x|        scalar|
+----------+-----+-----+------------+--------------+--------------+

