

================================================================
== Vitis HLS Report for 'spmv'
================================================================
* Date:           Mon Jun 15 10:35:36 2026

* Version:        2025.2 (Build 6295257 on Nov 12 2025)
* Project:        03_unroll-2-L1_script
* Solution:       hls (Vivado IP Flow Target)
* Product family: zynq
* Target device:  xc7z020-clg484-3


================================================================
== Performance Estimates
================================================================
+ Timing: 
    * Summary: 
    +--------+----------+----------+------------+
    |  Clock |  Target  | Estimated| Uncertainty|
    +--------+----------+----------+------------+
    |ap_clk  |  10.00 ns|  3.062 ns|     2.70 ns|
    +--------+----------+----------+------------+

+ Latency: 
    * Summary: 
    +---------+---------+-----------+----------+------+-------+---------+
    |  Latency (cycles) |  Latency (absolute)  |   Interval   | Pipeline|
    |   min   |   max   |    min    |    max   |  min |  max  |   Type  |
    +---------+---------+-----------+----------+------+-------+---------+
    |     1089|    98625|  10.890 us|  0.986 ms|  1090|  98626|       no|
    +---------+---------+-----------+----------+------+-------+---------+

    + Detail: 
        * Instance: 
        N/A

        * Loop: 
        +----------+---------+---------+-----------+-----------+-----------+---------+----------+
        |          |  Latency (cycles) | Iteration |  Initiation Interval  |   Trip  |          |
        | Loop Name|   min   |   max   |  Latency  |  achieved |   target  |  Count  | Pipelined|
        +----------+---------+---------+-----------+-----------+-----------+---------+----------+
        |- L1      |     1088|    98624|  17 ~ 1541|          -|          -|       64|        no|
        | + L2     |        6|      768|          6|          -|          -|  1 ~ 128|        no|
        | + L2     |        6|      768|          6|          -|          -|  1 ~ 128|        no|
        +----------+---------+---------+-----------+-----------+-----------+---------+----------+



================================================================
== Utilization Estimates
================================================================
* Summary: 
+-----------------+---------+-----+--------+-------+-----+
|       Name      | BRAM_18K| DSP |   FF   |  LUT  | URAM|
+-----------------+---------+-----+--------+-------+-----+
|DSP              |        -|    2|       -|      -|    -|
|Expression       |        -|    -|       0|    171|    -|
|FIFO             |        -|    -|       -|      -|    -|
|Instance         |        -|    -|       -|      -|    -|
|Memory           |        -|    -|       -|      -|    -|
|Multiplexer      |        -|    -|       0|    204|    -|
|Register         |        -|    -|     310|      -|    -|
+-----------------+---------+-----+--------+-------+-----+
|Total            |        0|    2|     310|    375|    0|
+-----------------+---------+-----+--------+-------+-----+
|Available        |      280|  220|  106400|  53200|    0|
+-----------------+---------+-----+--------+-------+-----+
|Utilization (%)  |        0|   ~0|      ~0|     ~0|    0|
+-----------------+---------+-----+--------+-------+-----+

+ Detail: 
    * Instance: 
    N/A

    * DSP: 
    +---------------------------------+------------------------------+--------------+
    |             Instance            |            Module            |  Expression  |
    +---------------------------------+------------------------------+--------------+
    |mac_muladd_10s_8s_32s_32_4_1_U1  |mac_muladd_10s_8s_32s_32_4_1  |  i0 * i1 + i2|
    |mac_muladd_10s_8s_32s_32_4_1_U2  |mac_muladd_10s_8s_32s_32_4_1  |  i0 * i1 + i2|
    +---------------------------------+------------------------------+--------------+

    * Memory: 
    N/A

    * FIFO: 
    N/A

    * Expression: 
    +-----------------------+----------+----+---+----+------------+------------+
    |     Variable Name     | Operation| DSP| FF| LUT| Bitwidth P0| Bitwidth P1|
    +-----------------------+----------+----+---+----+------------+------------+
    |add_ln16_1_fu_292_p2   |         +|   0|  0|  15|           8|           2|
    |add_ln16_2_fu_326_p2   |         +|   0|  0|  39|          32|           1|
    |add_ln16_fu_286_p2     |         +|   0|  0|  39|          32|           1|
    |icmp_ln16_1_fu_315_p2  |      icmp|   0|  0|  39|          32|          32|
    |icmp_ln16_fu_275_p2    |      icmp|   0|  0|  39|          32|          32|
    +-----------------------+----------+----+---+----+------------+------------+
    |Total                  |          |   0|  0| 171|         136|          68|
    +-----------------------+----------+----+---+----+------------+------------+

    * Multiplexer: 
    +------------------------+----+-----------+-----+-----------+
    |          Name          | LUT| Input Size| Bits| Total Bits|
    +------------------------+----+-----------+-----+-----------+
    |ap_NS_fsm               |  81|         17|    1|         17|
    |col_idx_address0_local  |  13|          3|    9|         27|
    |idx_1_reg_183           |   9|          2|   32|         64|
    |idx_3_reg_205           |   9|          2|   32|         64|
    |row_fu_62               |   9|          2|    8|         16|
    |row_ptr_address0_local  |  13|          3|    8|         24|
    |sum_1_reg_214           |   9|          2|   32|         64|
    |sum_reg_192             |   9|          2|   32|         64|
    |values_address0_local   |  13|          3|    9|         27|
    |x_address0_local        |  13|          3|    7|         21|
    |y_address0_local        |  13|          3|    7|         21|
    |y_d0_local              |  13|          3|   32|         96|
    +------------------------+----+-----------+-----+-----------+
    |Total                   | 204|         45|  209|        505|
    +------------------------+----+-----------+-----+-----------+

    * Register: 
    +----------------------+----+----+-----+-----------+
    |         Name         | FF | LUT| Bits| Const Bits|
    +----------------------+----+----+-----+-----------+
    |add_ln16_1_reg_427    |   8|   0|    8|          0|
    |add_ln16_2_reg_475    |  32|   0|   32|          0|
    |add_ln16_reg_422      |  32|   0|   32|          0|
    |ap_CS_fsm             |  16|   0|   16|          0|
    |idx_1_reg_183         |  32|   0|   32|          0|
    |idx_2_reg_403         |  32|   0|   32|          0|
    |idx_3_reg_205         |  32|   0|   32|          0|
    |reg_227               |   8|   0|    8|          0|
    |row_fu_62             |   8|   0|    8|          0|
    |row_ptr_load_reg_457  |  32|   0|   32|          0|
    |sum_1_reg_214         |  32|   0|   32|          0|
    |sum_reg_192           |  32|   0|   32|          0|
    |zext_ln16_reg_388     |   6|   0|   64|         58|
    |zext_ln9_reg_378      |   8|   0|   64|         56|
    +----------------------+----+----+-----+-----------+
    |Total                 | 310|   0|  424|        114|
    +----------------------+----+----+-----+-----------+



================================================================
== Interface
================================================================
* Summary: 
+------------------+-----+-----+------------+--------------+--------------+
|     RTL Ports    | Dir | Bits|  Protocol  | Source Object|    C Type    |
+------------------+-----+-----+------------+--------------+--------------+
|ap_clk            |   in|    1|  ap_ctrl_hs|          spmv|  return value|
|ap_rst            |   in|    1|  ap_ctrl_hs|          spmv|  return value|
|ap_start          |   in|    1|  ap_ctrl_hs|          spmv|  return value|
|ap_done           |  out|    1|  ap_ctrl_hs|          spmv|  return value|
|ap_idle           |  out|    1|  ap_ctrl_hs|          spmv|  return value|
|ap_ready          |  out|    1|  ap_ctrl_hs|          spmv|  return value|
|values_address0   |  out|    9|   ap_memory|        values|         array|
|values_ce0        |  out|    1|   ap_memory|        values|         array|
|values_q0         |   in|    8|   ap_memory|        values|         array|
|x_address0        |  out|    7|   ap_memory|             x|         array|
|x_ce0             |  out|    1|   ap_memory|             x|         array|
|x_q0              |   in|   10|   ap_memory|             x|         array|
|col_idx_address0  |  out|    9|   ap_memory|       col_idx|         array|
|col_idx_ce0       |  out|    1|   ap_memory|       col_idx|         array|
|col_idx_q0        |   in|   32|   ap_memory|       col_idx|         array|
|row_ptr_address0  |  out|    8|   ap_memory|       row_ptr|         array|
|row_ptr_ce0       |  out|    1|   ap_memory|       row_ptr|         array|
|row_ptr_q0        |   in|   32|   ap_memory|       row_ptr|         array|
|row_ptr_address1  |  out|    8|   ap_memory|       row_ptr|         array|
|row_ptr_ce1       |  out|    1|   ap_memory|       row_ptr|         array|
|row_ptr_q1        |   in|   32|   ap_memory|       row_ptr|         array|
|y_address0        |  out|    7|   ap_memory|             y|         array|
|y_ce0             |  out|    1|   ap_memory|             y|         array|
|y_we0             |  out|    1|   ap_memory|             y|         array|
|y_d0              |  out|   32|   ap_memory|             y|         array|
+------------------+-----+-----+------------+--------------+--------------+

