

================================================================
== Synthesis Summary Report of 'fir'
================================================================
+ General Information: 
    * Date:           Thu Jun  4 18:47:42 2026
    * Version:        2025.2 (Build 6295257 on Nov 12 2025)
    * Project:        10_total-unroll_clk-10.0_script
    * Solution:       hls (Vivado IP Flow Target)
    * Product family: zynq
    * Target device:  xc7z020-clg484-3
    

* Performance & Resource Estimates: 
+--------+------+---------------+----------+---------+------+----------+---------+--------+------+------+--------+-----------+-----------+-----+
| Modules| Issue|               | Iteration|         | Trip |          |      Latency     |      |      |        |           |           |     |
| & Loops| Type | Violation Type|  Latency | Interval| Count| Pipelined| (cycles)|  (ns)  | Slack| BRAM |   DSP  |     FF    |    LUT    | URAM|
+--------+------+---------------+----------+---------+------+----------+---------+--------+------+------+--------+-----------+-----------+-----+
|+ fir   |     -|              -|         -|        5|     -|        no|        4|  40.000|  2.01|     -|  7 (3%)|  149 (~0%)|  215 (~0%)|    -|
+--------+------+---------------+----------+---------+------+----------+---------+--------+------+------+--------+-----------+-----------+-----+
    Name Prefix: '+' for module, 'o' for loop, '*' for dataflow


================================================================
== HW Interfaces
================================================================
* Other Ports
+------+---------+-----------+----------+
| Port | Mode    | Direction | Bitwidth |
+------+---------+-----------+----------+
| x    | ap_none | in        | 12       |
| y    | ap_vld  | out       | 32       |
+------+---------+-----------+----------+

* TOP LEVEL CONTROL
+-----------+------------+-----------------------------------+
| Interface | Type       | Ports                             |
+-----------+------------+-----------------------------------+
| ap_clk    | clock      | ap_clk                            |
| ap_rst    | reset      | ap_rst                            |
| ap_ctrl   | ap_ctrl_hs | ap_done ap_idle ap_ready ap_start |
+-----------+------------+-----------------------------------+


================================================================
== SW I/O Information
================================================================
* Top Function Arguments
+----------+-----------+-------------+
| Argument | Direction | Datatype    |
+----------+-----------+-------------+
| y        | out       | ap_int<32>* |
| x        | in        | ap_uint<12> |
+----------+-----------+-------------+

* SW-to-HW Mapping
+----------+--------------+---------+
| Argument | HW Interface | HW Type |
+----------+--------------+---------+
| y        | y            | port    |
| y        | y_ap_vld     | port    |
| x        | x            | port    |
+----------+--------------+---------+


================================================================
== Bind Op Report
================================================================
+--------------------------------------+-----+--------+-------------+------+-----------+---------+
| Name                                 | DSP | Pragma | Variable    | Op   | Impl      | Latency |
+--------------------------------------+-----+--------+-------------+------+-----------+---------+
| + fir                                | 7   |        |             |      |           |         |
|   mac_muladd_12ns_6ns_21s_21_4_1_U5  | 1   |        | acc         | mul  | dsp_slice | 3       |
|   mac_muladd_12ns_6ns_21s_21_4_1_U5  | 1   |        | zext_ln11   | zext | dsp_slice | 3       |
|   mul_12ns_8s_20_1_1_U1              | 1   |        | mul_ln27    | mul  | auto      | 0       |
|   mac_muladd_12ns_9ns_21ns_22_4_1_U6 | 1   |        | mul_ln27_1  | mul  | dsp_slice | 3       |
|   mac_muladd_12ns_9ns_21ns_22_4_1_U6 | 1   |        | zext_ln27_3 | zext | dsp_slice | 3       |
|   mul_12ns_10ns_21_1_1_U2            | 1   |        | mul_ln27_2  | mul  | auto      | 0       |
|   mul_12ns_10ns_21_1_1_U3            | 1   |        | mul_ln27_3  | mul  | auto      | 0       |
|   mac_muladd_12ns_8s_20s_21_4_1_U7   | 1   |        | mul_ln27_4  | mul  | dsp_slice | 3       |
|   mac_muladd_12ns_8s_20s_21_4_1_U7   | 1   |        | sext_ln27   | sext | dsp_slice | 3       |
|   mac_muladd_12ns_6ns_20s_20_4_1_U4  | 1   |        | mul_ln27_5  | mul  | dsp_slice | 3       |
|   mac_muladd_12ns_6ns_20s_20_4_1_U4  | 1   |        | zext_ln27_9 | zext | dsp_slice | 3       |
|   mac_muladd_12ns_6ns_20s_20_4_1_U4  | 1   |        | add_ln27    | add  | dsp_slice | 3       |
|   mac_muladd_12ns_8s_20s_21_4_1_U7   | 1   |        | add_ln27_1  | add  | dsp_slice | 3       |
|   mac_muladd_12ns_6ns_21s_21_4_1_U5  | 1   |        | add_ln27_2  | add  | dsp_slice | 3       |
|   mac_muladd_12ns_9ns_21ns_22_4_1_U6 | 1   |        | add_ln27_3  | add  | dsp_slice | 3       |
|   add_ln27_4_fu_224_p2               |     |        | add_ln27_4  | add  | fabric    | 0       |
|   acc_1_fu_234_p2                    |     |        | acc_1       | add  | fabric    | 0       |
+--------------------------------------+-----+--------+-------------+------+-----------+---------+


================================================================
== Storage Report
================================================================
  No bind storage info in design

================================================================
== Pragma Report
================================================================
* Valid Pragma Syntax
+-----------------+--------------------+---------------------+
| Type            | Options            | Location            |
+-----------------+--------------------+---------------------+
| ARRAY_PARTITION | variable=shift_reg | in fir (fir.cpp:9)  |
| UNROLL          |                    | in fir (fir.cpp:16) |
| UNROLL          |                    | in fir (fir.cpp:25) |
+-----------------+--------------------+---------------------+


