

================================================================
== Vitis HLS Report for 'fir'
================================================================
* Date:           Thu Jun  4 17:11:57 2026

* Version:        2025.2 (Build 6295257 on Nov 12 2025)
* Project:        11_partial-unroll_script
* Solution:       hls (Vivado IP Flow Target)
* Product family: zynq
* Target device:  xc7z020-clg484-3


================================================================
== Performance Estimates
================================================================
+ Timing: 
    * Summary: 
    +--------+----------+----------+------------+
    |  Clock |  Target  | Estimated| Uncertainty|
    +--------+----------+----------+------------+
    |ap_clk  |  10.00 ns|  6.859 ns|     2.70 ns|
    +--------+----------+----------+------------+

+ Latency: 
    * Summary: 
    +---------+---------+----------+----------+-----+-----+---------+
    |  Latency (cycles) |  Latency (absolute) |  Interval | Pipeline|
    |   min   |   max   |    min   |    max   | min | max |   Type  |
    +---------+---------+----------+----------+-----+-----+---------+
    |       25|       25|  0.250 us|  0.250 us|   26|   26|       no|
    +---------+---------+----------+----------+-----+-----+---------+

    + Detail: 
        * Instance: 
        N/A

        * Loop: 
        +------------+---------+---------+----------+-----------+-----------+------+----------+
        |            |  Latency (cycles) | Iteration|  Initiation Interval  | Trip |          |
        |  Loop Name |   min   |   max   |  Latency |  achieved |   target  | Count| Pipelined|
        +------------+---------+---------+----------+-----------+-----------+------+----------+
        |- mac_loop  |       24|       24|        10|          -|          -|     2|        no|
        +------------+---------+---------+----------+-----------+-----------+------+----------+



================================================================
== Utilization Estimates
================================================================
* Summary: 
+-----------------+---------+-----+--------+-------+-----+
|       Name      | BRAM_18K| DSP |   FF   |  LUT  | URAM|
+-----------------+---------+-----+--------+-------+-----+
|DSP              |        -|    4|       -|      -|    -|
|Expression       |        -|    -|       0|    109|    -|
|FIFO             |        -|    -|       -|      -|    -|
|Instance         |        -|    1|       0|    188|    -|
|Memory           |        0|    -|      20|      2|    -|
|Multiplexer      |        -|    -|       0|     88|    -|
|Register         |        -|    -|     412|      -|    -|
+-----------------+---------+-----+--------+-------+-----+
|Total            |        0|    5|     432|    387|    0|
+-----------------+---------+-----+--------+-------+-----+
|Available        |      280|  220|  106400|  53200|    0|
+-----------------+---------+-----+--------+-------+-----+
|Utilization (%)  |        0|    2|      ~0|     ~0|    0|
+-----------------+---------+-----+--------+-------+-----+

+ Detail: 
    * Instance: 
    +--------------------------+-----------------------+---------+----+---+----+-----+
    |         Instance         |         Module        | BRAM_18K| DSP| FF| LUT| URAM|
    +--------------------------+-----------------------+---------+----+---+----+-----+
    |mul_12ns_10s_22_1_1_U6    |mul_12ns_10s_22_1_1    |        0|   1|  0|  43|    0|
    |sparsemux_13_3_12_1_1_U2  |sparsemux_13_3_12_1_1  |        0|   0|  0|  25|    0|
    |sparsemux_13_3_12_1_1_U3  |sparsemux_13_3_12_1_1  |        0|   0|  0|  25|    0|
    |sparsemux_13_3_12_1_1_U4  |sparsemux_13_3_12_1_1  |        0|   0|  0|  25|    0|
    |sparsemux_13_3_12_1_1_U5  |sparsemux_13_3_12_1_1  |        0|   0|  0|  25|    0|
    |sparsemux_23_4_12_1_1_U1  |sparsemux_23_4_12_1_1  |        0|   0|  0|  45|    0|
    +--------------------------+-----------------------+---------+----+---+----+-----+
    |Total                     |                       |        0|   1|  0| 188|    0|
    +--------------------------+-----------------------+---------+----+---+----+-----+

    * DSP: 
    +------------------------------------+--------------------------------+--------------+
    |              Instance              |             Module             |  Expression  |
    +------------------------------------+--------------------------------+--------------+
    |mac_muladd_12ns_10s_22s_23_4_1_U9   |mac_muladd_12ns_10s_22s_23_4_1  |  i0 + i1 * i2|
    |mac_muladd_12ns_10s_23s_24_4_1_U10  |mac_muladd_12ns_10s_23s_24_4_1  |  i0 + i1 * i2|
    |mac_muladd_12ns_10s_26s_26_4_1_U7   |mac_muladd_12ns_10s_26s_26_4_1  |  i0 + i1 * i2|
    |mac_muladd_12ns_10s_26s_26_4_1_U8   |mac_muladd_12ns_10s_26s_26_4_1  |  i0 + i1 * i2|
    +------------------------------------+--------------------------------+--------------+

    * Memory: 
    +-------+---------------+---------+----+----+-----+------+-----+------+-------------+
    | Memory|     Module    | BRAM_18K| FF | LUT| URAM| Words| Bits| Banks| W*Bits*Banks|
    +-------+---------------+---------+----+----+-----+------+-----+------+-------------+
    |c_U    |c_ROM_AUTO_1R  |        0|  20|   2|    0|    11|   10|     1|          110|
    +-------+---------------+---------+----+----+-----+------+-----+------+-------------+
    |Total  |               |        0|  20|   2|    0|    11|   10|     1|          110|
    +-------+---------------+---------+----+----+-----+------+-----+------+-------------+

    * FIFO: 
    N/A

    * Expression: 
    +----------------------+----------+----+---+----+------------+------------+
    |     Variable Name    | Operation| DSP| FF| LUT| Bitwidth P0| Bitwidth P1|
    +----------------------+----------+----+---+----+------------+------------+
    |acc_4_fu_552_p2       |         +|   0|  0|  33|          26|          26|
    |add_ln24_1_fu_495_p2  |         +|   0|  0|  11|           3|           2|
    |add_ln24_2_fu_519_p2  |         +|   0|  0|  13|           4|           2|
    |add_ln24_3_fu_438_p2  |         +|   0|  0|  13|           4|           3|
    |add_ln24_4_fu_474_p2  |         +|   0|  0|  13|           4|           3|
    |add_ln24_fu_341_p2    |         +|   0|  0|  13|           4|           1|
    |icmp_ln24_fu_346_p2   |      icmp|   0|  0|  13|           4|           4|
    +----------------------+----------+----+---+----+------------+------------+
    |Total                 |          |   0|  0| 109|          49|          41|
    +----------------------+----------+----+---+----+------------+------------+

    * Multiplexer: 
    +------------------+----+-----------+-----+-----------+
    |       Name       | LUT| Input Size| Bits| Total Bits|
    +------------------+----+-----------+-----+-----------+
    |acc_fu_102        |   9|          2|   26|         52|
    |ap_NS_fsm         |  49|         12|    1|         12|
    |c_address0_local  |  21|          5|    4|         20|
    |i_fu_106          |   9|          2|    4|          8|
    +------------------+----+-----------+-----+-----------+
    |Total             |  88|         21|   35|         92|
    +------------------+----+-----------+-----+-----------+

    * Register: 
    +---------------------------------------------------+----+----+-----+-----------+
    |                        Name                       | FF | LUT| Bits| Const Bits|
    +---------------------------------------------------+----+----+-----+-----------+
    |acc_3_reg_717                                      |  26|   0|   26|          0|
    |acc_fu_102                                         |  26|   0|   26|          0|
    |add_ln27_reg_805                                   |  26|   0|   26|          0|
    |ap_CS_fsm                                          |  11|   0|   11|          0|
    |fir_ap_int_32_ap_uint_12_shift_reg                 |  12|   0|   12|          0|
    |fir_ap_int_32_ap_uint_12_shift_reg_1               |  12|   0|   12|          0|
    |fir_ap_int_32_ap_uint_12_shift_reg_1_load_reg_676  |  12|   0|   12|          0|
    |fir_ap_int_32_ap_uint_12_shift_reg_2               |  12|   0|   12|          0|
    |fir_ap_int_32_ap_uint_12_shift_reg_2_load_reg_668  |  12|   0|   12|          0|
    |fir_ap_int_32_ap_uint_12_shift_reg_3               |  12|   0|   12|          0|
    |fir_ap_int_32_ap_uint_12_shift_reg_3_load_reg_659  |  12|   0|   12|          0|
    |fir_ap_int_32_ap_uint_12_shift_reg_4               |  12|   0|   12|          0|
    |fir_ap_int_32_ap_uint_12_shift_reg_4_load_reg_650  |  12|   0|   12|          0|
    |fir_ap_int_32_ap_uint_12_shift_reg_5               |  12|   0|   12|          0|
    |fir_ap_int_32_ap_uint_12_shift_reg_5_load_reg_641  |  12|   0|   12|          0|
    |fir_ap_int_32_ap_uint_12_shift_reg_6               |  12|   0|   12|          0|
    |fir_ap_int_32_ap_uint_12_shift_reg_6_load_reg_633  |  12|   0|   12|          0|
    |fir_ap_int_32_ap_uint_12_shift_reg_7               |  12|   0|   12|          0|
    |fir_ap_int_32_ap_uint_12_shift_reg_7_load_reg_626  |  12|   0|   12|          0|
    |fir_ap_int_32_ap_uint_12_shift_reg_8               |  12|   0|   12|          0|
    |fir_ap_int_32_ap_uint_12_shift_reg_8_load_reg_620  |  12|   0|   12|          0|
    |fir_ap_int_32_ap_uint_12_shift_reg_9               |  12|   0|   12|          0|
    |fir_ap_int_32_ap_uint_12_shift_reg_9_load_reg_615  |  12|   0|   12|          0|
    |fir_ap_int_32_ap_uint_12_shift_reg_load_reg_683    |  12|   0|   12|          0|
    |i_1_reg_689                                        |   4|   0|    4|          0|
    |i_fu_106                                           |   4|   0|    4|          0|
    |tmp_1_reg_730                                      |  12|   0|   12|          0|
    |tmp_2_reg_740                                      |  12|   0|   12|          0|
    |tmp_3_reg_745                                      |  12|   0|   12|          0|
    |tmp_4_reg_750                                      |  12|   0|   12|          0|
    |tmp_reg_694                                        |  12|   0|   12|          0|
    |trunc_ln24_reg_725                                 |   3|   0|    3|          0|
    |x_read_reg_610                                     |  12|   0|   12|          0|
    +---------------------------------------------------+----+----+-----+-----------+
    |Total                                              | 412|   0|  412|          0|
    +---------------------------------------------------+----+----+-----+-----------+



================================================================
== Interface
================================================================
* Summary: 
+----------+-----+-----+------------+--------------+--------------+
| RTL Ports| Dir | Bits|  Protocol  | Source Object|    C Type    |
+----------+-----+-----+------------+--------------+--------------+
|ap_clk    |   in|    1|  ap_ctrl_hs|           fir|  return value|
|ap_rst    |   in|    1|  ap_ctrl_hs|           fir|  return value|
|ap_start  |   in|    1|  ap_ctrl_hs|           fir|  return value|
|ap_done   |  out|    1|  ap_ctrl_hs|           fir|  return value|
|ap_idle   |  out|    1|  ap_ctrl_hs|           fir|  return value|
|ap_ready  |  out|    1|  ap_ctrl_hs|           fir|  return value|
|y         |  out|   32|      ap_vld|             y|       pointer|
|y_ap_vld  |  out|    1|      ap_vld|             y|       pointer|
|x         |   in|   12|     ap_none|             x|        scalar|
+----------+-----+-----+------------+--------------+--------------+

