

================================================================
== Synthesis Summary Report of 'fir'
================================================================
+ General Information: 
    * Date:           Thu Jun  4 17:11:36 2026
    * Version:        2025.2 (Build 6295257 on Nov 12 2025)
    * Project:        09_loop-fission-unroll-pipeline_script
    * Solution:       hls (Vivado IP Flow Target)
    * Product family: zynq
    * Target device:  xc7z020-clg484-3
    

* Performance & Resource Estimates: 
+-------------+------+---------------+----------+---------+------+----------+---------+---------+------+------+---------+-----------+-----------+-----+
|   Modules   | Issue|               | Iteration|         | Trip |          |      Latency      |      |      |         |           |           |     |
|   & Loops   | Type | Violation Type|  Latency | Interval| Count| Pipelined| (cycles)|   (ns)  | Slack| BRAM |   DSP   |     FF    |    LUT    | URAM|
+-------------+------+---------------+----------+---------+------+----------+---------+---------+------+------+---------+-----------+-----------+-----+
|+ fir        |     -|              -|         -|       17|     -|        no|       16|  160.000|  3.07|     -|  1 (~0%)|  338 (~0%)|  128 (~0%)|    -|
| o mac_loop  |     -|              -|         5|        1|    11|       yes|       14|  140.000|  7.30|     -|        -|          -|          -|    -|
+-------------+------+---------------+----------+---------+------+----------+---------+---------+------+------+---------+-----------+-----------+-----+
    Name Prefix: '+' for module, 'o' for loop, '*' for dataflow


================================================================
== HW Interfaces
================================================================
* Other Ports
+------+---------+-----------+----------+
| Port | Mode    | Direction | Bitwidth |
+------+---------+-----------+----------+
| x    | ap_none | in        | 12       |
| y    | ap_vld  | out       | 32       |
+------+---------+-----------+----------+

* TOP LEVEL CONTROL
+-----------+------------+-----------------------------------+
| Interface | Type       | Ports                             |
+-----------+------------+-----------------------------------+
| ap_clk    | clock      | ap_clk                            |
| ap_rst    | reset      | ap_rst                            |
| ap_ctrl   | ap_ctrl_hs | ap_done ap_idle ap_ready ap_start |
+-----------+------------+-----------------------------------+


================================================================
== SW I/O Information
================================================================
* Top Function Arguments
+----------+-----------+-------------+
| Argument | Direction | Datatype    |
+----------+-----------+-------------+
| y        | out       | ap_int<32>* |
| x        | in        | ap_uint<12> |
+----------+-----------+-------------+

* SW-to-HW Mapping
+----------+--------------+---------+
| Argument | HW Interface | HW Type |
+----------+--------------+---------+
| y        | y            | port    |
| y        | y_ap_vld     | port    |
| x        | x            | port    |
+----------+--------------+---------+


================================================================
== Bind Op Report
================================================================
+-------------------------------------+-----+--------+-------------+-----------+--------------------------+---------+
| Name                                | DSP | Pragma | Variable    | Op        | Impl                     | Latency |
+-------------------------------------+-----+--------+-------------+-----------+--------------------------+---------+
| + fir                               | 1   |        |             |           |                          |         |
|   sparsemux_23_4_12_1_1_U1          |     |        | tmp         | sparsemux | compactencoding_dontcare | 0       |
|   mac_muladd_12ns_10s_26s_26_4_1_U2 | 1   |        | mul_ln27    | mul       | dsp_slice                | 3       |
|   mac_muladd_12ns_10s_26s_26_4_1_U2 | 1   |        | sext_ln27_1 | sext      | dsp_slice                | 3       |
|   mac_muladd_12ns_10s_26s_26_4_1_U2 | 1   |        | acc_3       | add       | dsp_slice                | 3       |
|   i_3_fu_281_p2                     |     |        | i_3         | add       | fabric                   | 0       |
|   icmp_ln24_fu_287_p2               |     |        | icmp_ln24   | seteq     | auto                     | 0       |
+-------------------------------------+-----+--------+-------------+-----------+--------------------------+---------+


================================================================
== Storage Report
================================================================
+-------+--------+------+------+------+--------+----------+------+---------+------------------+
| Name  | Usage  | Type | BRAM | URAM | Pragma | Variable | Impl | Latency | Bitwidth, Depth, |
|       |        |      |      |      |        |          |      |         | Banks            |
+-------+--------+------+------+------+--------+----------+------+---------+------------------+
| + fir |        |      | 0    | 0    |        |          |      |         |                  |
|   c_U | rom_1p |      |      |      |        | c        | auto | 1       | 10, 11, 1        |
+-------+--------+------+------+------+--------+----------+------+---------+------------------+


================================================================
== Pragma Report
================================================================
* Valid Pragma Syntax
+-----------------+--------------------+---------------------+
| Type            | Options            | Location            |
+-----------------+--------------------+---------------------+
| ARRAY_PARTITION | variable=shift_reg | in fir (fir.cpp:9)  |
| UNROLL          |                    | in fir (fir.cpp:16) |
| PIPELINE        | ii=1               | in fir (fir.cpp:25) |
+-----------------+--------------------+---------------------+


