

================================================================
== Vitis HLS Report for 'fir'
================================================================
* Date:           Thu Jun  4 18:37:33 2026

* Version:        2025.2 (Build 6295257 on Nov 12 2025)
* Project:        07_loop-fission-array-partition_clk-3.5_script
* Solution:       hls (Vivado IP Flow Target)
* Product family: zynq
* Target device:  xc7z020-clg484-3


================================================================
== Performance Estimates
================================================================
+ Timing: 
    * Summary: 
    +--------+---------+----------+------------+
    |  Clock |  Target | Estimated| Uncertainty|
    +--------+---------+----------+------------+
    |ap_clk  |  3.50 ns|  2.552 ns|     0.94 ns|
    +--------+---------+----------+------------+

+ Latency: 
    * Summary: 
    +---------+---------+----------+----------+-----+-----+---------+
    |  Latency (cycles) |  Latency (absolute) |  Interval | Pipeline|
    |   min   |   max   |    min   |    max   | min | max |   Type  |
    +---------+---------+----------+----------+-----+-----+---------+
    |       67|       67|  0.234 us|  0.234 us|   68|   68|       no|
    +---------+---------+----------+----------+-----+-----+---------+

    + Detail: 
        * Instance: 
        N/A

        * Loop: 
        +------------+---------+---------+----------+-----------+-----------+------+----------+
        |            |  Latency (cycles) | Iteration|  Initiation Interval  | Trip |          |
        |  Loop Name |   min   |   max   |  Latency |  achieved |   target  | Count| Pipelined|
        +------------+---------+---------+----------+-----------+-----------+------+----------+
        |- mac_loop  |       66|       66|         6|          -|          -|    11|        no|
        +------------+---------+---------+----------+-----------+-----------+------+----------+



================================================================
== Utilization Estimates
================================================================
* Summary: 
+-----------------+---------+-----+--------+-------+-----+
|       Name      | BRAM_18K| DSP |   FF   |  LUT  | URAM|
+-----------------+---------+-----+--------+-------+-----+
|DSP              |        -|    1|       -|      -|    -|
|Expression       |        -|    -|       0|     26|    -|
|FIFO             |        -|    -|       -|      -|    -|
|Instance         |        -|    -|       0|     45|    -|
|Memory           |        0|    -|      10|      2|    -|
|Multiplexer      |        -|    -|       0|     51|    -|
|Register         |        -|    -|     327|      -|    -|
+-----------------+---------+-----+--------+-------+-----+
|Total            |        0|    1|     337|    124|    0|
+-----------------+---------+-----+--------+-------+-----+
|Available        |      280|  220|  106400|  53200|    0|
+-----------------+---------+-----+--------+-------+-----+
|Utilization (%)  |        0|   ~0|      ~0|     ~0|    0|
+-----------------+---------+-----+--------+-------+-----+

+ Detail: 
    * Instance: 
    +--------------------------+-----------------------+---------+----+---+----+-----+
    |         Instance         |         Module        | BRAM_18K| DSP| FF| LUT| URAM|
    +--------------------------+-----------------------+---------+----+---+----+-----+
    |sparsemux_23_4_12_1_1_U1  |sparsemux_23_4_12_1_1  |        0|   0|  0|  45|    0|
    +--------------------------+-----------------------+---------+----+---+----+-----+
    |Total                     |                       |        0|   0|  0|  45|    0|
    +--------------------------+-----------------------+---------+----+---+----+-----+

    * DSP: 
    +-----------------------------------+--------------------------------+--------------+
    |              Instance             |             Module             |  Expression  |
    +-----------------------------------+--------------------------------+--------------+
    |mac_muladd_12ns_10s_26s_26_4_1_U2  |mac_muladd_12ns_10s_26s_26_4_1  |  i0 * i1 + i2|
    +-----------------------------------+--------------------------------+--------------+

    * Memory: 
    +-------+---------------+---------+----+----+-----+------+-----+------+-------------+
    | Memory|     Module    | BRAM_18K| FF | LUT| URAM| Words| Bits| Banks| W*Bits*Banks|
    +-------+---------------+---------+----+----+-----+------+-----+------+-------------+
    |c_U    |c_ROM_AUTO_1R  |        0|  10|   2|    0|    11|   10|     1|          110|
    +-------+---------------+---------+----+----+-----+------+-----+------+-------------+
    |Total  |               |        0|  10|   2|    0|    11|   10|     1|          110|
    +-------+---------------+---------+----+----+-----+------+-----+------+-------------+

    * FIFO: 
    N/A

    * Expression: 
    +---------------------+----------+----+---+----+------------+------------+
    |    Variable Name    | Operation| DSP| FF| LUT| Bitwidth P0| Bitwidth P1|
    +---------------------+----------+----+---+----+------------+------------+
    |add_ln24_fu_244_p2   |         +|   0|  0|  13|           4|           1|
    |icmp_ln24_fu_238_p2  |      icmp|   0|  0|  13|           4|           4|
    +---------------------+----------+----+---+----+------------+------------+
    |Total                |          |   0|  0|  26|           8|           5|
    +---------------------+----------+----+---+----+------------+------------+

    * Multiplexer: 
    +-----------+----+-----------+-----+-----------+
    |    Name   | LUT| Input Size| Bits| Total Bits|
    +-----------+----+-----------+-----+-----------+
    |acc_fu_88  |   9|          2|   26|         52|
    |ap_NS_fsm  |  33|          8|    1|          8|
    |i_fu_92    |   9|          2|    4|          8|
    +-----------+----+-----------+-----+-----------+
    |Total      |  51|         12|   31|         68|
    +-----------+----+-----------+-----+-----------+

    * Register: 
    +---------------------------------------------------+----+----+-----+-----------+
    |                        Name                       | FF | LUT| Bits| Const Bits|
    +---------------------------------------------------+----+----+-----+-----------+
    |acc_1_reg_422                                      |  26|   0|   26|          0|
    |acc_fu_88                                          |  26|   0|   26|          0|
    |ap_CS_fsm                                          |   7|   0|    7|          0|
    |fir_ap_int_32_ap_uint_12_shift_reg                 |  12|   0|   12|          0|
    |fir_ap_int_32_ap_uint_12_shift_reg_1               |  12|   0|   12|          0|
    |fir_ap_int_32_ap_uint_12_shift_reg_1_load_reg_384  |  12|   0|   12|          0|
    |fir_ap_int_32_ap_uint_12_shift_reg_2               |  12|   0|   12|          0|
    |fir_ap_int_32_ap_uint_12_shift_reg_2_load_reg_379  |  12|   0|   12|          0|
    |fir_ap_int_32_ap_uint_12_shift_reg_3               |  12|   0|   12|          0|
    |fir_ap_int_32_ap_uint_12_shift_reg_3_load_reg_374  |  12|   0|   12|          0|
    |fir_ap_int_32_ap_uint_12_shift_reg_4               |  12|   0|   12|          0|
    |fir_ap_int_32_ap_uint_12_shift_reg_4_load_reg_369  |  12|   0|   12|          0|
    |fir_ap_int_32_ap_uint_12_shift_reg_5               |  12|   0|   12|          0|
    |fir_ap_int_32_ap_uint_12_shift_reg_5_load_reg_364  |  12|   0|   12|          0|
    |fir_ap_int_32_ap_uint_12_shift_reg_6               |  12|   0|   12|          0|
    |fir_ap_int_32_ap_uint_12_shift_reg_6_load_reg_359  |  12|   0|   12|          0|
    |fir_ap_int_32_ap_uint_12_shift_reg_7               |  12|   0|   12|          0|
    |fir_ap_int_32_ap_uint_12_shift_reg_7_load_reg_354  |  12|   0|   12|          0|
    |fir_ap_int_32_ap_uint_12_shift_reg_8               |  12|   0|   12|          0|
    |fir_ap_int_32_ap_uint_12_shift_reg_8_load_reg_349  |  12|   0|   12|          0|
    |fir_ap_int_32_ap_uint_12_shift_reg_9               |  12|   0|   12|          0|
    |fir_ap_int_32_ap_uint_12_shift_reg_9_load_reg_344  |  12|   0|   12|          0|
    |fir_ap_int_32_ap_uint_12_shift_reg_load_reg_389    |  12|   0|   12|          0|
    |i_fu_92                                            |   4|   0|    4|          0|
    |tmp_reg_397                                        |  12|   0|   12|          0|
    |x_read_reg_339                                     |  12|   0|   12|          0|
    +---------------------------------------------------+----+----+-----+-----------+
    |Total                                              | 327|   0|  327|          0|
    +---------------------------------------------------+----+----+-----+-----------+



================================================================
== Interface
================================================================
* Summary: 
+----------+-----+-----+------------+--------------+--------------+
| RTL Ports| Dir | Bits|  Protocol  | Source Object|    C Type    |
+----------+-----+-----+------------+--------------+--------------+
|ap_clk    |   in|    1|  ap_ctrl_hs|           fir|  return value|
|ap_rst    |   in|    1|  ap_ctrl_hs|           fir|  return value|
|ap_start  |   in|    1|  ap_ctrl_hs|           fir|  return value|
|ap_done   |  out|    1|  ap_ctrl_hs|           fir|  return value|
|ap_idle   |  out|    1|  ap_ctrl_hs|           fir|  return value|
|ap_ready  |  out|    1|  ap_ctrl_hs|           fir|  return value|
|y         |  out|   32|      ap_vld|             y|       pointer|
|y_ap_vld  |  out|    1|      ap_vld|             y|       pointer|
|x         |   in|   12|     ap_none|             x|        scalar|
+----------+-----+-----+------------+--------------+--------------+

