

================================================================
== Vitis HLS Report for 'fir'
================================================================
* Date:           Thu Jun  4 17:03:40 2026

* Version:        2025.2 (Build 6295257 on Nov 12 2025)
* Project:        08_loop-fission-pipeline_script
* Solution:       hls (Vivado IP Flow Target)
* Product family: zynq
* Target device:  xc7z020-clg484-3


================================================================
== Performance Estimates
================================================================
+ Timing: 
    * Summary: 
    +--------+----------+----------+------------+
    |  Clock |  Target  | Estimated| Uncertainty|
    +--------+----------+----------+------------+
    |ap_clk  |  10.00 ns|  4.226 ns|     2.70 ns|
    +--------+----------+----------+------------+

+ Latency: 
    * Summary: 
    +---------+---------+----------+----------+-----+-----+---------+
    |  Latency (cycles) |  Latency (absolute) |  Interval | Pipeline|
    |   min   |   max   |    min   |    max   | min | max |   Type  |
    +---------+---------+----------+----------+-----+-----+---------+
    |       40|       40|  0.400 us|  0.400 us|   41|   41|       no|
    +---------+---------+----------+----------+-----+-----+---------+

    + Detail: 
        * Instance: 
        +---------------------------------+-----------------------+---------+---------+----------+----------+-----+-----+-------------------+
        |                                 |                       |  Latency (cycles) |  Latency (absolute) |  Interval |      Pipeline     |
        |             Instance            |         Module        |   min   |   max   |    min   |    max   | min | max |        Type       |
        +---------------------------------+-----------------------+---------+---------+----------+----------+-----+-----+-------------------+
        |grp_fir_Pipeline_mac_loop_fu_96  |fir_Pipeline_mac_loop  |       16|       16|  0.160 us|  0.160 us|    0|    0|  loop pipeline stp|
        +---------------------------------+-----------------------+---------+---------+----------+----------+-----+-----+-------------------+

        * Loop: 
        +--------------+---------+---------+----------+-----------+-----------+------+----------+
        |              |  Latency (cycles) | Iteration|  Initiation Interval  | Trip |          |
        |   Loop Name  |   min   |   max   |  Latency |  achieved |   target  | Count| Pipelined|
        +--------------+---------+---------+----------+-----------+-----------+------+----------+
        |- shift_loop  |       20|       20|         2|          -|          -|    10|        no|
        +--------------+---------+---------+----------+-----------+-----------+------+----------+



================================================================
== Utilization Estimates
================================================================
* Summary: 
+-----------------+---------+-----+--------+-------+-----+
|       Name      | BRAM_18K| DSP |   FF   |  LUT  | URAM|
+-----------------+---------+-----+--------+-------+-----+
|DSP              |        -|    -|       -|      -|    -|
|Expression       |        -|    -|       0|     26|    -|
|FIFO             |        -|    -|       -|      -|    -|
|Instance         |        0|    1|     114|    116|    -|
|Memory           |        0|    -|      12|      3|    0|
|Multiplexer      |        -|    -|       0|     86|    -|
|Register         |        -|    -|      27|      -|    -|
+-----------------+---------+-----+--------+-------+-----+
|Total            |        0|    1|     153|    231|    0|
+-----------------+---------+-----+--------+-------+-----+
|Available        |      280|  220|  106400|  53200|    0|
+-----------------+---------+-----+--------+-------+-----+
|Utilization (%)  |        0|   ~0|      ~0|     ~0|    0|
+-----------------+---------+-----+--------+-------+-----+

+ Detail: 
    * Instance: 
    +---------------------------------+-----------------------+---------+----+-----+-----+-----+
    |             Instance            |         Module        | BRAM_18K| DSP|  FF | LUT | URAM|
    +---------------------------------+-----------------------+---------+----+-----+-----+-----+
    |grp_fir_Pipeline_mac_loop_fu_96  |fir_Pipeline_mac_loop  |        0|   1|  114|  116|    0|
    +---------------------------------+-----------------------+---------+----+-----+-----+-----+
    |Total                            |                       |        0|   1|  114|  116|    0|
    +---------------------------------+-----------------------+---------+----+-----+-----+-----+

    * DSP: 
    N/A

    * Memory: 
    +-------------+-------------------------+---------+----+----+-----+------+-----+------+-------------+
    |    Memory   |          Module         | BRAM_18K| FF | LUT| URAM| Words| Bits| Banks| W*Bits*Banks|
    +-------------+-------------------------+---------+----+----+-----+------+-----+------+-------------+
    |shift_reg_U  |shift_reg_RAM_AUTO_1R1W  |        0|  12|   3|    0|    11|   12|     1|          132|
    +-------------+-------------------------+---------+----+----+-----+------+-----+------+-------------+
    |Total        |                         |        0|  12|   3|    0|    11|   12|     1|          132|
    +-------------+-------------------------+---------+----+----+-----+------+-----+------+-------------+

    * FIFO: 
    N/A

    * Expression: 
    +---------------------+----------+----+---+----+------------+------------+
    |    Variable Name    | Operation| DSP| FF| LUT| Bitwidth P0| Bitwidth P1|
    +---------------------+----------+----+---+----+------------+------------+
    |add_ln15_fu_119_p2   |         +|   0|  0|  13|           4|           2|
    |icmp_ln14_fu_113_p2  |      icmp|   0|  0|  13|           4|           1|
    +---------------------+----------+----+---+----+------------+------------+
    |Total                |          |   0|  0|  26|           8|           3|
    +---------------------+----------+----+---+----+------------+------------+

    * Multiplexer: 
    +--------------------------+----+-----------+-----+-----------+
    |           Name           | LUT| Input Size| Bits| Total Bits|
    +--------------------------+----+-----------+-----+-----------+
    |ap_NS_fsm                 |  29|          7|    1|          7|
    |i_fu_52                   |   9|          2|    4|          8|
    |shift_reg_address0        |   9|          2|    4|          8|
    |shift_reg_address0_local  |  17|          4|    4|         16|
    |shift_reg_ce0             |   9|          2|    1|          2|
    |shift_reg_d0_local        |  13|          3|   12|         36|
    +--------------------------+----+-----------+-----+-----------+
    |Total                     |  86|         20|   26|         77|
    +--------------------------+----+-----------+-----+-----------+

    * Register: 
    +----------------------------------------------+----+----+-----+-----------+
    |                     Name                     | FF | LUT| Bits| Const Bits|
    +----------------------------------------------+----+----+-----+-----------+
    |ap_CS_fsm                                     |   6|   0|    6|          0|
    |grp_fir_Pipeline_mac_loop_fu_96_ap_start_reg  |   1|   0|    1|          0|
    |i_2_reg_165                                   |   4|   0|    4|          0|
    |i_fu_52                                       |   4|   0|    4|          0|
    |x_read_reg_154                                |  12|   0|   12|          0|
    +----------------------------------------------+----+----+-----+-----------+
    |Total                                         |  27|   0|   27|          0|
    +----------------------------------------------+----+----+-----+-----------+



================================================================
== Interface
================================================================
* Summary: 
+----------+-----+-----+------------+--------------+--------------+
| RTL Ports| Dir | Bits|  Protocol  | Source Object|    C Type    |
+----------+-----+-----+------------+--------------+--------------+
|ap_clk    |   in|    1|  ap_ctrl_hs|           fir|  return value|
|ap_rst    |   in|    1|  ap_ctrl_hs|           fir|  return value|
|ap_start  |   in|    1|  ap_ctrl_hs|           fir|  return value|
|ap_done   |  out|    1|  ap_ctrl_hs|           fir|  return value|
|ap_idle   |  out|    1|  ap_ctrl_hs|           fir|  return value|
|ap_ready  |  out|    1|  ap_ctrl_hs|           fir|  return value|
|y         |  out|   32|      ap_vld|             y|       pointer|
|y_ap_vld  |  out|    1|      ap_vld|             y|       pointer|
|x         |   in|   12|     ap_none|             x|        scalar|
+----------+-----+-----+------------+--------------+--------------+

