

================================================================
== Synthesis Summary Report of 'spmv'
================================================================
+ General Information: 
    * Date:           Mon Jun 15 10:55:49 2026
    * Version:        2025.2 (Build 6295257 on Nov 12 2025)
    * Project:        05_pipeline-unroll-2-cyclic-2-L2_script
    * Solution:       hls (Vivado IP Flow Target)
    * Product family: zynq
    * Target device:  xc7z020-clg484-3
    

* Performance & Resource Estimates: 
+----------------------+------+-------------------+----------+---------+------+----------+---------+-----------+------+------+---------+-----------+-----------+-----+
|        Modules       | Issue|                   | Iteration|         | Trip |          |       Latency       |      |      |         |           |           |     |
|        & Loops       | Type |   Violation Type  |  Latency | Interval| Count| Pipelined| (cycles)|    (ns)   | Slack| BRAM |   DSP   |     FF    |    LUT    | URAM|
+----------------------+------+-------------------+----------+---------+------+----------+---------+-----------+------+------+---------+-----------+-----------+-----+
|+ spmv                |     -|                  -|         -|    17794|     -|        no|    17793|  1.779e+05|  2.32|     -|  2 (~0%)|  384 (~0%)|  408 (~0%)|    -|
| o L1                 |     -|                  -|       139|        -|   128|        no|    17792|  1.779e+05|  7.30|     -|        -|          -|          -|    -|
|  + spmv_Pipeline_L2  |     -|                  -|         -|        -|     -|       yes|      135|  1.350e+03|  2.32|     -|  2 (~0%)|  298 (~0%)|  343 (~0%)|    -|
|   o L2               |    II|  Memory Dependency|         7|        2|    64|       yes|      133|  1.330e+03|  7.30|     -|        -|          -|          -|    -|
+----------------------+------+-------------------+----------+---------+------+----------+---------+-----------+------+------+---------+-----------+-----------+-----+
    II Violation Information: docs.amd.com/access/sources/dita/topic?Doc_Version=2025.2%20English&url=ug1448-hls-guidance&resourceid=200-880.html
    Name Prefix: '+' for module, 'o' for loop, '*' for dataflow


================================================================
== HW Interfaces
================================================================
* AP_MEMORY
+-------------------+-----------+----------+
| Port              | Direction | Bitwidth |
+-------------------+-----------+----------+
| col_idx_address0  | out       | 9        |
| col_idx_address1  | out       | 9        |
| col_idx_q0        | in        | 32       |
| col_idx_q1        | in        | 32       |
| row_ptr_address0  | out       | 8        |
| row_ptr_address1  | out       | 8        |
| row_ptr_q0        | in        | 32       |
| row_ptr_q1        | in        | 32       |
| values_0_address0 | out       | 8        |
| values_0_address1 | out       | 8        |
| values_0_q0       | in        | 8        |
| values_0_q1       | in        | 8        |
| values_1_address0 | out       | 8        |
| values_1_address1 | out       | 8        |
| values_1_q0       | in        | 8        |
| values_1_q1       | in        | 8        |
| x_address0        | out       | 7        |
| x_address1        | out       | 7        |
| x_q0              | in        | 10       |
| x_q1              | in        | 10       |
| y_address0        | out       | 7        |
| y_d0              | out       | 32       |
+-------------------+-----------+----------+

* TOP LEVEL CONTROL
+-----------+------------+-----------------------------------+
| Interface | Type       | Ports                             |
+-----------+------------+-----------------------------------+
| ap_clk    | clock      | ap_clk                            |
| ap_rst    | reset      | ap_rst                            |
| ap_ctrl   | ap_ctrl_hs | ap_done ap_idle ap_ready ap_start |
+-----------+------------+-----------------------------------+


================================================================
== SW I/O Information
================================================================
* Top Function Arguments
+----------+-----------+--------------------+
| Argument | Direction | Datatype           |
+----------+-----------+--------------------+
| values   | in        | ap_int<8> const *  |
| x        | in        | ap_int<10> const * |
| col_idx  | in        | int const *        |
| row_ptr  | in        | int const *        |
| y        | out       | ap_int<32>*        |
+----------+-----------+--------------------+

* SW-to-HW Mapping
+----------+-------------------+---------+----------+
| Argument | HW Interface      | HW Type | HW Usage |
+----------+-------------------+---------+----------+
| values   | values_0_address0 | port    | offset   |
| values   | values_0_ce0      | port    |          |
| values   | values_0_q0       | port    |          |
| values   | values_0_address1 | port    | offset   |
| values   | values_0_ce1      | port    |          |
| values   | values_0_q1       | port    |          |
| values   | values_1_address0 | port    | offset   |
| values   | values_1_ce0      | port    |          |
| values   | values_1_q0       | port    |          |
| values   | values_1_address1 | port    | offset   |
| values   | values_1_ce1      | port    |          |
| values   | values_1_q1       | port    |          |
| x        | x_address0        | port    | offset   |
| x        | x_ce0             | port    |          |
| x        | x_q0              | port    |          |
| x        | x_address1        | port    | offset   |
| x        | x_ce1             | port    |          |
| x        | x_q1              | port    |          |
| col_idx  | col_idx_address0  | port    | offset   |
| col_idx  | col_idx_ce0       | port    |          |
| col_idx  | col_idx_q0        | port    |          |
| col_idx  | col_idx_address1  | port    | offset   |
| col_idx  | col_idx_ce1       | port    |          |
| col_idx  | col_idx_q1        | port    |          |
| row_ptr  | row_ptr_address0  | port    | offset   |
| row_ptr  | row_ptr_ce0       | port    |          |
| row_ptr  | row_ptr_q0        | port    |          |
| row_ptr  | row_ptr_address1  | port    | offset   |
| row_ptr  | row_ptr_ce1       | port    |          |
| row_ptr  | row_ptr_q1        | port    |          |
| y        | y_address0        | port    | offset   |
| y        | y_ce0             | port    |          |
| y        | y_we0             | port    |          |
| y        | y_d0              | port    |          |
+----------+-------------------+---------+----------+


================================================================
== M_AXI Burst Information
================================================================
 Note: All burst requests might be further partitioned into multiple requests during RTL generation based on max_read_burst_length or max_write_burst_length settings.


================================================================
== Bind Op Report
================================================================
+------------------------------------+-----+--------+---------------+--------+-----------+---------+
| Name                               | DSP | Pragma | Variable      | Op     | Impl      | Latency |
+------------------------------------+-----+--------+---------------+--------+-----------+---------+
| + spmv                             | 2   |        |               |        |           |         |
|   icmp_ln12_fu_121_p2              |     |        | icmp_ln12     | seteq  | auto      | 0       |
|   add_ln16_fu_127_p2               |     |        | add_ln16      | add    | fabric    | 0       |
|  + spmv_Pipeline_L2                | 2   |        |               |        |           |         |
|    icmp_ln16_fu_212_p2             |     |        | icmp_ln16     | setlt  | auto      | 0       |
|    select_ln27_fu_288_p3           |     |        | select_ln27   | select | auto_sel  | 0       |
|    mac_muladd_10s_8s_32s_32_4_1_U1 | 1   |        | mul_ln27      | mul    | dsp_slice | 3       |
|    mac_muladd_10s_8s_32s_32_4_1_U1 | 1   |        | sext_ln27_2   | sext   | dsp_slice | 3       |
|    mac_muladd_10s_8s_32s_32_4_1_U1 | 1   |        | add_ln27      | add    | dsp_slice | 3       |
|    add_ln16_fu_246_p2              |     |        | add_ln16      | add    | fabric    | 0       |
|    icmp_ln16_1_fu_267_p2           |     |        | icmp_ln16_1   | setlt  | auto      | 0       |
|    select_ln27_1_fu_312_p3         |     |        | select_ln27_1 | select | auto_sel  | 0       |
|    mac_muladd_10s_8s_32s_32_4_1_U2 | 1   |        | mul_ln27_1    | mul    | dsp_slice | 3       |
|    mac_muladd_10s_8s_32s_32_4_1_U2 | 1   |        | sext_ln27_5   | sext   | dsp_slice | 3       |
|    mac_muladd_10s_8s_32s_32_4_1_U2 | 1   |        | add_ln27_1    | add    | dsp_slice | 3       |
|    add_ln16_1_fu_272_p2            |     |        | add_ln16_1    | add    | fabric    | 0       |
+------------------------------------+-----+--------+---------------+--------+-----------+---------+


================================================================
== Storage Report
================================================================
  No bind storage info in design

================================================================
== Pragma Report
================================================================
* Valid Pragma Syntax
+-----------------+---------------------------------------+-----------------------+
| Type            | Options                               | Location              |
+-----------------+---------------------------------------+-----------------------+
| ARRAY_PARTITION | variable=values cyclic factor=2 dim=1 | in spmv (spmv.cpp:9)  |
| LOOP_TRIPCOUNT  | min=1 max=128 avg=4                   | in spmv (spmv.cpp:20) |
| PIPELINE        | ii=1                                  | in spmv (spmv.cpp:22) |
| UNROLL          | factor=2                              | in spmv (spmv.cpp:24) |
+-----------------+---------------------------------------+-----------------------+


