

================================================================
== Vitis HLS Report for 'fir'
================================================================
* Date:           Thu Jun  4 18:33:20 2026

* Version:        2025.2 (Build 6295257 on Nov 12 2025)
* Project:        03_ap-int_clk-2.0_script
* Solution:       hls (Vivado IP Flow Target)
* Product family: zynq
* Target device:  xc7z020-clg484-3


================================================================
== Performance Estimates
================================================================
+ Timing: 
    * Summary: 
    +--------+---------+----------+------------+
    |  Clock |  Target | Estimated| Uncertainty|
    +--------+---------+----------+------------+
    |ap_clk  |  2.00 ns|  1.540 ns|     0.54 ns|
    +--------+---------+----------+------------+

+ Latency: 
    * Summary: 
    +---------+---------+----------+----------+-----+-----+---------+
    |  Latency (cycles) |  Latency (absolute) |  Interval | Pipeline|
    |   min   |   max   |    min   |    max   | min | max |   Type  |
    +---------+---------+----------+----------+-----+-----+---------+
    |      104|      104|  0.208 us|  0.208 us|  105|  105|       no|
    +---------+---------+----------+----------+-----+-----+---------+

    + Detail: 
        * Instance: 
        N/A

        * Loop: 
        +------------+---------+---------+----------+-----------+-----------+------+----------+
        |            |  Latency (cycles) | Iteration|  Initiation Interval  | Trip |          |
        |  Loop Name |   min   |   max   |  Latency |  achieved |   target  | Count| Pipelined|
        +------------+---------+---------+----------+-----------+-----------+------+----------+
        |- fir_loop  |      100|      100|        10|          -|          -|    10|        no|
        +------------+---------+---------+----------+-----------+-----------+------+----------+



================================================================
== Utilization Estimates
================================================================
* Summary: 
+-----------------+---------+-----+--------+-------+-----+
|       Name      | BRAM_18K| DSP |   FF   |  LUT  | URAM|
+-----------------+---------+-----+--------+-------+-----+
|DSP              |        -|    2|       -|      -|    -|
|Expression       |        -|    -|       0|     26|    -|
|FIFO             |        -|    -|       -|      -|    -|
|Instance         |        -|    -|       -|      -|    -|
|Memory           |        0|    -|      44|      5|    0|
|Multiplexer      |        -|    -|       0|    109|    -|
|Register         |        -|    -|     112|      -|    -|
+-----------------+---------+-----+--------+-------+-----+
|Total            |        0|    2|     156|    140|    0|
+-----------------+---------+-----+--------+-------+-----+
|Available        |      280|  220|  106400|  53200|    0|
+-----------------+---------+-----+--------+-------+-----+
|Utilization (%)  |        0|   ~0|      ~0|     ~0|    0|
+-----------------+---------+-----+--------+-------+-----+

+ Detail: 
    * Instance: 
    N/A

    * DSP: 
    +-----------------------------------+--------------------------------+--------------+
    |              Instance             |             Module             |  Expression  |
    +-----------------------------------+--------------------------------+--------------+
    |mac_muladd_12ns_10s_26s_26_4_1_U2  |mac_muladd_12ns_10s_26s_26_4_1  |  i0 * i1 + i2|
    |mac_muladd_12ns_6ns_26s_26_4_1_U1  |mac_muladd_12ns_6ns_26s_26_4_1  |  i0 + i1 * i2|
    +-----------------------------------+--------------------------------+--------------+

    * Memory: 
    +-------------+-------------------------+---------+----+----+-----+------+-----+------+-------------+
    |    Memory   |          Module         | BRAM_18K| FF | LUT| URAM| Words| Bits| Banks| W*Bits*Banks|
    +-------------+-------------------------+---------+----+----+-----+------+-----+------+-------------+
    |c_U          |c_ROM_AUTO_3R            |        0|  20|   2|    0|    11|   10|     1|          110|
    |shift_reg_U  |shift_reg_RAM_AUTO_3R2W  |        0|  24|   3|    0|    11|   12|     1|          132|
    +-------------+-------------------------+---------+----+----+-----+------+-----+------+-------------+
    |Total        |                         |        0|  44|   5|    0|    22|   22|     2|          242|
    +-------------+-------------------------+---------+----+----+-----+------+-----+------+-------------+

    * FIFO: 
    N/A

    * Expression: 
    +---------------------+----------+----+---+----+------------+------------+
    |    Variable Name    | Operation| DSP| FF| LUT| Bitwidth P0| Bitwidth P1|
    +---------------------+----------+----+---+----+------------+------------+
    |add_ln15_fu_134_p2   |         +|   0|  0|  13|           4|           2|
    |icmp_ln13_fu_128_p2  |      icmp|   0|  0|  13|           4|           1|
    +---------------------+----------+----+---+----+------------+------------+
    |Total                |          |   0|  0|  26|           8|           3|
    +---------------------+----------+----+---+----+------------+------------+

    * Multiplexer: 
    +--------------------------+----+-----------+-----+-----------+
    |           Name           | LUT| Input Size| Bits| Total Bits|
    +--------------------------+----+-----------+-----+-----------+
    |acc_fu_52                 |   9|          2|   26|         52|
    |ap_NS_fsm                 |  61|         15|    1|         15|
    |i_fu_56                   |   9|          2|    4|          8|
    |shift_reg_address0_local  |  17|          4|    4|         16|
    |shift_reg_d0_local        |  13|          3|   12|         36|
    +--------------------------+----+-----------+-----+-----------+
    |Total                     | 109|         26|   47|        127|
    +--------------------------+----+-----------+-----+-----------+

    * Register: 
    +------------------------+----+----+-----+-----------+
    |          Name          | FF | LUT| Bits| Const Bits|
    +------------------------+----+----+-----+-----------+
    |acc_2_reg_264           |  26|   0|   26|          0|
    |acc_fu_52               |  26|   0|   26|          0|
    |add_ln15_reg_212        |   4|   0|    4|          0|
    |ap_CS_fsm               |  14|   0|   14|          0|
    |c_load_reg_244          |  10|   0|   10|          0|
    |i_fu_56                 |   4|   0|    4|          0|
    |shift_reg_load_reg_238  |  12|   0|   12|          0|
    |x_read_reg_200          |  12|   0|   12|          0|
    |zext_ln13_reg_223       |   4|   0|   64|         60|
    +------------------------+----+----+-----+-----------+
    |Total                   | 112|   0|  172|         60|
    +------------------------+----+----+-----+-----------+



================================================================
== Interface
================================================================
* Summary: 
+----------+-----+-----+------------+--------------+--------------+
| RTL Ports| Dir | Bits|  Protocol  | Source Object|    C Type    |
+----------+-----+-----+------------+--------------+--------------+
|ap_clk    |   in|    1|  ap_ctrl_hs|           fir|  return value|
|ap_rst    |   in|    1|  ap_ctrl_hs|           fir|  return value|
|ap_start  |   in|    1|  ap_ctrl_hs|           fir|  return value|
|ap_done   |  out|    1|  ap_ctrl_hs|           fir|  return value|
|ap_idle   |  out|    1|  ap_ctrl_hs|           fir|  return value|
|ap_ready  |  out|    1|  ap_ctrl_hs|           fir|  return value|
|y         |  out|   32|      ap_vld|             y|       pointer|
|y_ap_vld  |  out|    1|      ap_vld|             y|       pointer|
|x         |   in|   12|     ap_none|             x|        scalar|
+----------+-----+-----+------------+--------------+--------------+

